11:01:54 **** Incremental Build of configuration Debug for project ble_status_test ****
make -j8 all 
arm-none-eabi-size  ble_status_test.elf 
   text	   data	    bss	    dec	    hex	filename
   8952	     12	   1644	  10608	   2970	ble_status_test.elf
Finished building: default.size.stdout
 
11:01:58 **** Incremental Build of configuration Debug for project ble_status_test ****
make -j8 all 
arm-none-eabi-size  ble_status_test.elf 
   text	   data	    bss	    dec	    hex	filename
   8952	     12	   1644	  10608	   2970	ble_status_test.elf
Finished building: default.size.stdout
 
11:19:48 **** Incremental Build of configuration Debug for project ble_status_test ****
make -j8 all 
arm-none-eabi-gcc "../Core/Src/main.c" -mcpu=cortex-m3 -std=gnu11 -g3 -DSTM32L100xC -DDEBUG -DUSE_HAL_DRIVER -c -I../Core/Inc -I../Drivers/STM32L1xx_HAL_Driver/Inc -I../Drivers/STM32L1xx_HAL_Driver/Inc/Legacy -IC:/Users/mds/STM32Cube/Repository/STM32Cube_FW_L1_V1.10.5/Drivers/CMSIS/Device/ST/STM32L1xx/Include -IC:/Users/mds/STM32Cube/Repository/STM32Cube_FW_L1_V1.10.5/Drivers/CMSIS/Include -O0 -ffunction-sections -fdata-sections -Wall -fstack-usage -fcyclomatic-complexity -MMD -MP -MF"Core/Src/main.d" -MT"Core/Src/main.o" --specs=nano.specs -mfloat-abi=soft -mthumb -o "Core/Src/main.o"
arm-none-eabi-gcc -o "ble_status_test.elf" @"objects.list"   -mcpu=cortex-m3 -T"C:\Users\mds\STM32CubeIDE\workspace_1.19.0\ble_status_test\STM32L100C6UX_FLASH.ld" --specs=nosys.specs -Wl,-Map="ble_status_test.map" -Wl,--gc-sections -static --specs=nano.specs -mfloat-abi=soft -mthumb -Wl,--start-group -lc -lm -Wl,--end-group
Finished building target: ble_status_test.elf
 
arm-none-eabi-size  ble_status_test.elf 
arm-none-eabi-objdump -h -S ble_status_test.elf  > "ble_status_test.list"
   text	   data	    bss	    dec	    hex	filename
   9248	     12	   1644	  10904	   2a98	ble_status_test.elf
Finished building: default.size.stdout
 
Finished building: ble_status_test.list
 
14:13:48 **** Clean-only build of configuration Debug for project ble_status_test ****
make -j8 clean 
rm -rf ./Drivers/STM32L1xx_HAL_Driver/Src/stm32l1xx_hal.cyclo ./Drivers/STM32L1xx_HAL_Driver/Src/stm32l1xx_hal.d ./Drivers/STM32L1xx_HAL_Driver/Src/stm32l1xx_hal.o ./Drivers/STM32L1xx_HAL_Driver/Src/stm32l1xx_hal.su ./Drivers/STM32L1xx_HAL_Driver/Src/stm32l1xx_hal_cortex.cyclo ./Drivers/STM32L1xx_HAL_Driver/Src/stm32l1xx_hal_cortex.d ./Drivers/STM32L1xx_HAL_Driver/Src/stm32l1xx_hal_cortex.o ./Drivers/STM32L1xx_HAL_Driver/Src/stm32l1xx_hal_cortex.su ./Drivers/STM32L1xx_HAL_Driver/Src/stm32l1xx_hal_dma.cyclo ./Drivers/STM32L1xx_HAL_Driver/Src/stm32l1xx_hal_dma.d ./Drivers/STM32L1xx_HAL_Driver/Src/stm32l1xx_hal_dma.o ./Drivers/STM32L1xx_HAL_Driver/Src/stm32l1xx_hal_dma.su ./Drivers/STM32L1xx_HAL_Driver/Src/stm32l1xx_hal_exti.cyclo ./Drivers/STM32L1xx_HAL_Driver/Src/stm32l1xx_hal_exti.d ./Drivers/STM32L1xx_HAL_Driver/Src/stm32l1xx_hal_exti.o ./Drivers/STM32L1xx_HAL_Driver/Src/stm32l1xx_hal_exti.su ./Drivers/STM32L1xx_HAL_Driver/Src/stm32l1xx_hal_flash.cyclo ./Drivers/STM32L1xx_HAL_Driver/Src/stm32l1xx_hal_flash.d ./Drivers/STM32L1xx_HAL_Driver/Src/stm32l1xx_hal_flash.o ./Drivers/STM32L1xx_HAL_Driver/Src/stm32l1xx_hal_flash.su ./Drivers/STM32L1xx_HAL_Driver/Src/stm32l1xx_hal_flash_ex.cyclo ./Drivers/STM32L1xx_HAL_Driver/Src/stm32l1xx_hal_flash_ex.d ./Drivers/STM32L1xx_HAL_Driver/Src/stm32l1xx_hal_flash_ex.o ./Drivers/STM32L1xx_HAL_Driver/Src/stm32l1xx_hal_flash_ex.su ./Drivers/STM32L1xx_HAL_Driver/Src/stm32l1xx_hal_flash_ramfunc.cyclo ./Drivers/STM32L1xx_HAL_Driver/Src/stm32l1xx_hal_flash_ramfunc.d ./Drivers/STM32L1xx_HAL_Driver/Src/stm32l1xx_hal_flash_ramfunc.o ./Drivers/STM32L1xx_HAL_Driver/Src/stm32l1xx_hal_flash_ramfunc.su ./Drivers/STM32L1xx_HAL_Driver/Src/stm32l1xx_hal_gpio.cyclo ./Drivers/STM32L1xx_HAL_Driver/Src/stm32l1xx_hal_gpio.d ./Drivers/STM32L1xx_HAL_Driver/Src/stm32l1xx_hal_gpio.o ./Drivers/STM32L1xx_HAL_Driver/Src/stm32l1xx_hal_gpio.su ./Drivers/STM32L1xx_HAL_Driver/Src/stm32l1xx_hal_pwr.cyclo ./Drivers/STM32L1xx_HAL_Driver/Src/stm32l1xx_hal_pwr.d ./Drivers/STM32L1xx_HAL_Driver/Src/stm32l1xx_hal_pwr.o ./Drivers/STM32L1xx_HAL_Driver/Src/stm32l1xx_hal_pwr.su ./Drivers/STM32L1xx_HAL_Driver/Src/stm32l1xx_hal_pwr_ex.cyclo ./Drivers/STM32L1xx_HAL_Driver/Src/stm32l1xx_hal_pwr_ex.d ./Drivers/STM32L1xx_HAL_Driver/Src/stm32l1xx_hal_pwr_ex.o ./Drivers/STM32L1xx_HAL_Driver/Src/stm32l1xx_hal_pwr_ex.su ./Drivers/STM32L1xx_HAL_Driver/Src/stm32l1xx_hal_rcc.cyclo ./Drivers/STM32L1xx_HAL_Driver/Src/stm32l1xx_hal_rcc.d ./Drivers/STM32L1xx_HAL_Driver/Src/stm32l1xx_hal_rcc.o ./Drivers/STM32L1xx_HAL_Driver/Src/stm32l1xx_hal_rcc.su ./Drivers/STM32L1xx_HAL_Driver/Src/stm32l1xx_hal_rcc_ex.cyclo ./Drivers/STM32L1xx_HAL_Driver/Src/stm32l1xx_hal_rcc_ex.d ./Drivers/STM32L1xx_HAL_Driver/Src/stm32l1xx_hal_rcc_ex.o ./Drivers/STM32L1xx_HAL_Driver/Src/stm32l1xx_hal_rcc_ex.su ./Drivers/STM32L1xx_HAL_Driver/Src/stm32l1xx_hal_uart.cyclo ./Drivers/STM32L1xx_HAL_Driver/Src/stm32l1xx_hal_uart.d ./Drivers/STM32L1xx_HAL_Driver/Src/stm32l1xx_hal_uart.o ./Drivers/STM32L1xx_HAL_Driver/Src/stm32l1xx_hal_uart.su
rm -rf ./Core/Startup/startup_stm32l100c6ux.d ./Core/Startup/startup_stm32l100c6ux.o
rm -rf ./Core/Src/gpio.cyclo ./Core/Src/gpio.d ./Core/Src/gpio.o ./Core/Src/gpio.su ./Core/Src/main.cyclo ./Core/Src/main.d ./Core/Src/main.o ./Core/Src/main.su ./Core/Src/stm32l1xx_hal_msp.cyclo ./Core/Src/stm32l1xx_hal_msp.d ./Core/Src/stm32l1xx_hal_msp.o ./Core/Src/stm32l1xx_hal_msp.su ./Core/Src/stm32l1xx_it.cyclo ./Core/Src/stm32l1xx_it.d ./Core/Src/stm32l1xx_it.o ./Core/Src/stm32l1xx_it.su ./Core/Src/syscalls.cyclo ./Core/Src/syscalls.d ./Core/Src/syscalls.o ./Core/Src/syscalls.su ./Core/Src/sysmem.cyclo ./Core/Src/sysmem.d ./Core/Src/sysmem.o ./Core/Src/sysmem.su ./Core/Src/system_stm32l1xx.cyclo ./Core/Src/system_stm32l1xx.d ./Core/Src/system_stm32l1xx.o ./Core/Src/system_stm32l1xx.su ./Core/Src/usart.cyclo ./Core/Src/usart.d ./Core/Src/usart.o ./Core/Src/usart.su
rm -rf ble_status_test.elf ble_status_test.list ble_status_test.map default.size.stdout
rm: can't remove 'ble_status_test.elf': Permission denied
make: [makefile:80: clean] Error 1 (ignored)
 
14:13:48 **** Incremental Build of configuration Debug for project ble_status_test ****
make -j8 all 
arm-none-eabi-gcc "../Drivers/STM32L1xx_HAL_Driver/Src/stm32l1xx_hal.c" -mcpu=cortex-m3 -std=gnu11 -g3 -DSTM32L100xC -DDEBUG -DUSE_HAL_DRIVER -DSTM32L100xB -c -I../Core/Inc -I../Drivers/STM32L1xx_HAL_Driver/Inc -I../Drivers/STM32L1xx_HAL_Driver/Inc/Legacy -IC:/Users/mds/STM32Cube/Repository/STM32Cube_FW_L1_V1.10.5/Drivers/CMSIS/Device/ST/STM32L1xx/Include -IC:/Users/mds/STM32Cube/Repository/STM32Cube_FW_L1_V1.10.5/Drivers/CMSIS/Include -I../Drivers/CMSIS/Device/ST/STM32L1xx/Include -I../Drivers/CMSIS/Include -O0 -ffunction-sections -fdata-sections -Wall -fstack-usage -fcyclomatic-complexity -MMD -MP -MF"Drivers/STM32L1xx_HAL_Driver/Src/stm32l1xx_hal.d" -MT"Drivers/STM32L1xx_HAL_Driver/Src/stm32l1xx_hal.o" --specs=nano.specs -mfloat-abi=soft -mthumb -o "Drivers/STM32L1xx_HAL_Driver/Src/stm32l1xx_hal.o"
arm-none-eabi-gcc "../Drivers/STM32L1xx_HAL_Driver/Src/stm32l1xx_hal_cortex.c" -mcpu=cortex-m3 -std=gnu11 -g3 -DSTM32L100xC -DDEBUG -DUSE_HAL_DRIVER -DSTM32L100xB -c -I../Core/Inc -I../Drivers/STM32L1xx_HAL_Driver/Inc -I../Drivers/STM32L1xx_HAL_Driver/Inc/Legacy -IC:/Users/mds/STM32Cube/Repository/STM32Cube_FW_L1_V1.10.5/Drivers/CMSIS/Device/ST/STM32L1xx/Include -IC:/Users/mds/STM32Cube/Repository/STM32Cube_FW_L1_V1.10.5/Drivers/CMSIS/Include -I../Drivers/CMSIS/Device/ST/STM32L1xx/Include -I../Drivers/CMSIS/Include -O0 -ffunction-sections -fdata-sections -Wall -fstack-usage -fcyclomatic-complexity -MMD -MP -MF"Drivers/STM32L1xx_HAL_Driver/Src/stm32l1xx_hal_cortex.d" -MT"Drivers/STM32L1xx_HAL_Driver/Src/stm32l1xx_hal_cortex.o" --specs=nano.specs -mfloat-abi=soft -mthumb -o "Drivers/STM32L1xx_HAL_Driver/Src/stm32l1xx_hal_cortex.o"
arm-none-eabi-gcc "../Drivers/STM32L1xx_HAL_Driver/Src/stm32l1xx_hal_dma.c" -mcpu=cortex-m3 -std=gnu11 -g3 -DSTM32L100xC -DDEBUG -DUSE_HAL_DRIVER -DSTM32L100xB -c -I../Core/Inc -I../Drivers/STM32L1xx_HAL_Driver/Inc -I../Drivers/STM32L1xx_HAL_Driver/Inc/Legacy -IC:/Users/mds/STM32Cube/Repository/STM32Cube_FW_L1_V1.10.5/Drivers/CMSIS/Device/ST/STM32L1xx/Include -IC:/Users/mds/STM32Cube/Repository/STM32Cube_FW_L1_V1.10.5/Drivers/CMSIS/Include -I../Drivers/CMSIS/Device/ST/STM32L1xx/Include -I../Drivers/CMSIS/Include -O0 -ffunction-sections -fdata-sections -Wall -fstack-usage -fcyclomatic-complexity -MMD -MP -MF"Drivers/STM32L1xx_HAL_Driver/Src/stm32l1xx_hal_dma.d" -MT"Drivers/STM32L1xx_HAL_Driver/Src/stm32l1xx_hal_dma.o" --specs=nano.specs -mfloat-abi=soft -mthumb -o "Drivers/STM32L1xx_HAL_Driver/Src/stm32l1xx_hal_dma.o"
arm-none-eabi-gcc "../Drivers/STM32L1xx_HAL_Driver/Src/stm32l1xx_hal_exti.c" -mcpu=cortex-m3 -std=gnu11 -g3 -DSTM32L100xC -DDEBUG -DUSE_HAL_DRIVER -DSTM32L100xB -c -I../Core/Inc -I../Drivers/STM32L1xx_HAL_Driver/Inc -I../Drivers/STM32L1xx_HAL_Driver/Inc/Legacy -IC:/Users/mds/STM32Cube/Repository/STM32Cube_FW_L1_V1.10.5/Drivers/CMSIS/Device/ST/STM32L1xx/Include -IC:/Users/mds/STM32Cube/Repository/STM32Cube_FW_L1_V1.10.5/Drivers/CMSIS/Include -I../Drivers/CMSIS/Device/ST/STM32L1xx/Include -I../Drivers/CMSIS/Include -O0 -ffunction-sections -fdata-sections -Wall -fstack-usage -fcyclomatic-complexity -MMD -MP -MF"Drivers/STM32L1xx_HAL_Driver/Src/stm32l1xx_hal_exti.d" -MT"Drivers/STM32L1xx_HAL_Driver/Src/stm32l1xx_hal_exti.o" --specs=nano.specs -mfloat-abi=soft -mthumb -o "Drivers/STM32L1xx_HAL_Driver/Src/stm32l1xx_hal_exti.o"
arm-none-eabi-gcc "../Drivers/STM32L1xx_HAL_Driver/Src/stm32l1xx_hal_flash.c" -mcpu=cortex-m3 -std=gnu11 -g3 -DSTM32L100xC -DDEBUG -DUSE_HAL_DRIVER -DSTM32L100xB -c -I../Core/Inc -I../Drivers/STM32L1xx_HAL_Driver/Inc -I../Drivers/STM32L1xx_HAL_Driver/Inc/Legacy -IC:/Users/mds/STM32Cube/Repository/STM32Cube_FW_L1_V1.10.5/Drivers/CMSIS/Device/ST/STM32L1xx/Include -IC:/Users/mds/STM32Cube/Repository/STM32Cube_FW_L1_V1.10.5/Drivers/CMSIS/Include -I../Drivers/CMSIS/Device/ST/STM32L1xx/Include -I../Drivers/CMSIS/Include -O0 -ffunction-sections -fdata-sections -Wall -fstack-usage -fcyclomatic-complexity -MMD -MP -MF"Drivers/STM32L1xx_HAL_Driver/Src/stm32l1xx_hal_flash.d" -MT"Drivers/STM32L1xx_HAL_Driver/Src/stm32l1xx_hal_flash.o" --specs=nano.specs -mfloat-abi=soft -mthumb -o "Drivers/STM32L1xx_HAL_Driver/Src/stm32l1xx_hal_flash.o"
arm-none-eabi-gcc "../Drivers/STM32L1xx_HAL_Driver/Src/stm32l1xx_hal_flash_ex.c" -mcpu=cortex-m3 -std=gnu11 -g3 -DSTM32L100xC -DDEBUG -DUSE_HAL_DRIVER -DSTM32L100xB -c -I../Core/Inc -I../Drivers/STM32L1xx_HAL_Driver/Inc -I../Drivers/STM32L1xx_HAL_Driver/Inc/Legacy -IC:/Users/mds/STM32Cube/Repository/STM32Cube_FW_L1_V1.10.5/Drivers/CMSIS/Device/ST/STM32L1xx/Include -IC:/Users/mds/STM32Cube/Repository/STM32Cube_FW_L1_V1.10.5/Drivers/CMSIS/Include -I../Drivers/CMSIS/Device/ST/STM32L1xx/Include -I../Drivers/CMSIS/Include -O0 -ffunction-sections -fdata-sections -Wall -fstack-usage -fcyclomatic-complexity -MMD -MP -MF"Drivers/STM32L1xx_HAL_Driver/Src/stm32l1xx_hal_flash_ex.d" -MT"Drivers/STM32L1xx_HAL_Driver/Src/stm32l1xx_hal_flash_ex.o" --specs=nano.specs -mfloat-abi=soft -mthumb -o "Drivers/STM32L1xx_HAL_Driver/Src/stm32l1xx_hal_flash_ex.o"
arm-none-eabi-gcc "../Drivers/STM32L1xx_HAL_Driver/Src/stm32l1xx_hal_flash_ramfunc.c" -mcpu=cortex-m3 -std=gnu11 -g3 -DSTM32L100xC -DDEBUG -DUSE_HAL_DRIVER -DSTM32L100xB -c -I../Core/Inc -I../Drivers/STM32L1xx_HAL_Driver/Inc -I../Drivers/STM32L1xx_HAL_Driver/Inc/Legacy -IC:/Users/mds/STM32Cube/Repository/STM32Cube_FW_L1_V1.10.5/Drivers/CMSIS/Device/ST/STM32L1xx/Include -IC:/Users/mds/STM32Cube/Repository/STM32Cube_FW_L1_V1.10.5/Drivers/CMSIS/Include -I../Drivers/CMSIS/Device/ST/STM32L1xx/Include -I../Drivers/CMSIS/Include -O0 -ffunction-sections -fdata-sections -Wall -fstack-usage -fcyclomatic-complexity -MMD -MP -MF"Drivers/STM32L1xx_HAL_Driver/Src/stm32l1xx_hal_flash_ramfunc.d" -MT"Drivers/STM32L1xx_HAL_Driver/Src/stm32l1xx_hal_flash_ramfunc.o" --specs=nano.specs -mfloat-abi=soft -mthumb -o "Drivers/STM32L1xx_HAL_Driver/Src/stm32l1xx_hal_flash_ramfunc.o"
arm-none-eabi-gcc "../Drivers/STM32L1xx_HAL_Driver/Src/stm32l1xx_hal_gpio.c" -mcpu=cortex-m3 -std=gnu11 -g3 -DSTM32L100xC -DDEBUG -DUSE_HAL_DRIVER -DSTM32L100xB -c -I../Core/Inc -I../Drivers/STM32L1xx_HAL_Driver/Inc -I../Drivers/STM32L1xx_HAL_Driver/Inc/Legacy -IC:/Users/mds/STM32Cube/Repository/STM32Cube_FW_L1_V1.10.5/Drivers/CMSIS/Device/ST/STM32L1xx/Include -IC:/Users/mds/STM32Cube/Repository/STM32Cube_FW_L1_V1.10.5/Drivers/CMSIS/Include -I../Drivers/CMSIS/Device/ST/STM32L1xx/Include -I../Drivers/CMSIS/Include -O0 -ffunction-sections -fdata-sections -Wall -fstack-usage -fcyclomatic-complexity -MMD -MP -MF"Drivers/STM32L1xx_HAL_Driver/Src/stm32l1xx_hal_gpio.d" -MT"Drivers/STM32L1xx_HAL_Driver/Src/stm32l1xx_hal_gpio.o" --specs=nano.specs -mfloat-abi=soft -mthumb -o "Drivers/STM32L1xx_HAL_Driver/Src/stm32l1xx_hal_gpio.o"
../Drivers/STM32L1xx_HAL_Driver/Src/stm32l1xx_hal_flash_ex.c: In function 'HAL_FLASHEx_OBGetConfig':
../Drivers/STM32L1xx_HAL_Driver/Src/stm32l1xx_hal_flash_ex.c:499:48: error: 'FLASH_TypeDef' has no member named 'WRPR2'; did you mean 'WRPR1'?
  499 |   pOBInit->WRPSector32To63 = (uint32_t)(FLASH->WRPR2);
      |                                                ^~~~~
      |                                                WRPR1
../Drivers/STM32L1xx_HAL_Driver/Src/stm32l1xx_hal_flash_ex.c: In function 'FLASH_OB_WRPConfigWRP2OrPCROP2':
../Drivers/STM32L1xx_HAL_Driver/Src/stm32l1xx_hal_flash_ex.c:1293:63: error: 'OB_TypeDef' has no member named 'WRP45'
 1293 |     wrp45data = (uint16_t)(((WRP2OrPCROP2 & WRP_MASK_LOW) | OB->WRP45));
      |                                                               ^~
../Drivers/STM32L1xx_HAL_Driver/Src/stm32l1xx_hal_flash_ex.c:1294:70: error: 'OB_TypeDef' has no member named 'WRP67'
 1294 |     wrp67data = (uint16_t)((((WRP2OrPCROP2 & WRP_MASK_HIGH)>>16U | OB->WRP67)));
      |                                                                      ^~
../Drivers/STM32L1xx_HAL_Driver/Src/stm32l1xx_hal_flash_ex.c:1296:7: error: 'OB_TypeDef' has no member named 'WRP45'
 1296 |     OB->WRP45 = tmp1;
      |       ^~
../Drivers/STM32L1xx_HAL_Driver/Src/stm32l1xx_hal_flash_ex.c:1299:7: error: 'OB_TypeDef' has no member named 'WRP67'
 1299 |     OB->WRP67 = tmp2;
      |       ^~
../Drivers/STM32L1xx_HAL_Driver/Src/stm32l1xx_hal_flash_ex.c:1303:62: error: 'OB_TypeDef' has no member named 'WRP45'
 1303 |     wrp45data = (uint16_t)(~WRP2OrPCROP2 & (WRP_MASK_LOW & OB->WRP45));
      |                                                              ^~
../Drivers/STM32L1xx_HAL_Driver/Src/stm32l1xx_hal_flash_ex.c:1304:71: error: 'OB_TypeDef' has no member named 'WRP67'
 1304 |     wrp67data = (uint16_t)((((~WRP2OrPCROP2 & WRP_MASK_HIGH)>>16U & OB->WRP67)));
      |                                                                       ^~
../Drivers/STM32L1xx_HAL_Driver/Src/stm32l1xx_hal_flash_ex.c:1307:7: error: 'OB_TypeDef' has no member named 'WRP45'
 1307 |     OB->WRP45 = tmp1;
      |       ^~
../Drivers/STM32L1xx_HAL_Driver/Src/stm32l1xx_hal_flash_ex.c:1310:7: error: 'OB_TypeDef' has no member named 'WRP67'
 1310 |     OB->WRP67 = tmp2;
      |       ^~
make: *** [Drivers/STM32L1xx_HAL_Driver/Src/subdir.mk:55: Drivers/STM32L1xx_HAL_Driver/Src/stm32l1xx_hal_flash_ex.o] Error 1
make: *** Waiting for unfinished jobs....
"make -j8 all" terminated with exit code 2. Build might be incomplete.
14:52:42 **** Clean-only build of configuration Debug for project ble_status_test ****
make -j8 clean 
rm -rf ./Drivers/STM32L1xx_HAL_Driver/Src/stm32l1xx_hal.cyclo ./Drivers/STM32L1xx_HAL_Driver/Src/stm32l1xx_hal.d ./Drivers/STM32L1xx_HAL_Driver/Src/stm32l1xx_hal.o ./Drivers/STM32L1xx_HAL_Driver/Src/stm32l1xx_hal.su ./Drivers/STM32L1xx_HAL_Driver/Src/stm32l1xx_hal_cortex.cyclo ./Drivers/STM32L1xx_HAL_Driver/Src/stm32l1xx_hal_cortex.d ./Drivers/STM32L1xx_HAL_Driver/Src/stm32l1xx_hal_cortex.o ./Drivers/STM32L1xx_HAL_Driver/Src/stm32l1xx_hal_cortex.su ./Drivers/STM32L1xx_HAL_Driver/Src/stm32l1xx_hal_dma.cyclo ./Drivers/STM32L1xx_HAL_Driver/Src/stm32l1xx_hal_dma.d ./Drivers/STM32L1xx_HAL_Driver/Src/stm32l1xx_hal_dma.o ./Drivers/STM32L1xx_HAL_Driver/Src/stm32l1xx_hal_dma.su ./Drivers/STM32L1xx_HAL_Driver/Src/stm32l1xx_hal_exti.cyclo ./Drivers/STM32L1xx_HAL_Driver/Src/stm32l1xx_hal_exti.d ./Drivers/STM32L1xx_HAL_Driver/Src/stm32l1xx_hal_exti.o ./Drivers/STM32L1xx_HAL_Driver/Src/stm32l1xx_hal_exti.su ./Drivers/STM32L1xx_HAL_Driver/Src/stm32l1xx_hal_flash.cyclo ./Drivers/STM32L1xx_HAL_Driver/Src/stm32l1xx_hal_flash.d ./Drivers/STM32L1xx_HAL_Driver/Src/stm32l1xx_hal_flash.o ./Drivers/STM32L1xx_HAL_Driver/Src/stm32l1xx_hal_flash.su ./Drivers/STM32L1xx_HAL_Driver/Src/stm32l1xx_hal_flash_ex.cyclo ./Drivers/STM32L1xx_HAL_Driver/Src/stm32l1xx_hal_flash_ex.d ./Drivers/STM32L1xx_HAL_Driver/Src/stm32l1xx_hal_flash_ex.o ./Drivers/STM32L1xx_HAL_Driver/Src/stm32l1xx_hal_flash_ex.su ./Drivers/STM32L1xx_HAL_Driver/Src/stm32l1xx_hal_flash_ramfunc.cyclo ./Drivers/STM32L1xx_HAL_Driver/Src/stm32l1xx_hal_flash_ramfunc.d ./Drivers/STM32L1xx_HAL_Driver/Src/stm32l1xx_hal_flash_ramfunc.o ./Drivers/STM32L1xx_HAL_Driver/Src/stm32l1xx_hal_flash_ramfunc.su ./Drivers/STM32L1xx_HAL_Driver/Src/stm32l1xx_hal_gpio.cyclo ./Drivers/STM32L1xx_HAL_Driver/Src/stm32l1xx_hal_gpio.d ./Drivers/STM32L1xx_HAL_Driver/Src/stm32l1xx_hal_gpio.o ./Drivers/STM32L1xx_HAL_Driver/Src/stm32l1xx_hal_gpio.su ./Drivers/STM32L1xx_HAL_Driver/Src/stm32l1xx_hal_pwr.cyclo ./Drivers/STM32L1xx_HAL_Driver/Src/stm32l1xx_hal_pwr.d ./Drivers/STM32L1xx_HAL_Driver/Src/stm32l1xx_hal_pwr.o ./Drivers/STM32L1xx_HAL_Driver/Src/stm32l1xx_hal_pwr.su ./Drivers/STM32L1xx_HAL_Driver/Src/stm32l1xx_hal_pwr_ex.cyclo ./Drivers/STM32L1xx_HAL_Driver/Src/stm32l1xx_hal_pwr_ex.d ./Drivers/STM32L1xx_HAL_Driver/Src/stm32l1xx_hal_pwr_ex.o ./Drivers/STM32L1xx_HAL_Driver/Src/stm32l1xx_hal_pwr_ex.su ./Drivers/STM32L1xx_HAL_Driver/Src/stm32l1xx_hal_rcc.cyclo ./Drivers/STM32L1xx_HAL_Driver/Src/stm32l1xx_hal_rcc.d ./Drivers/STM32L1xx_HAL_Driver/Src/stm32l1xx_hal_rcc.o ./Drivers/STM32L1xx_HAL_Driver/Src/stm32l1xx_hal_rcc.su ./Drivers/STM32L1xx_HAL_Driver/Src/stm32l1xx_hal_rcc_ex.cyclo ./Drivers/STM32L1xx_HAL_Driver/Src/stm32l1xx_hal_rcc_ex.d ./Drivers/STM32L1xx_HAL_Driver/Src/stm32l1xx_hal_rcc_ex.o ./Drivers/STM32L1xx_HAL_Driver/Src/stm32l1xx_hal_rcc_ex.su ./Drivers/STM32L1xx_HAL_Driver/Src/stm32l1xx_hal_uart.cyclo ./Drivers/STM32L1xx_HAL_Driver/Src/stm32l1xx_hal_uart.d ./Drivers/STM32L1xx_HAL_Driver/Src/stm32l1xx_hal_uart.o ./Drivers/STM32L1xx_HAL_Driver/Src/stm32l1xx_hal_uart.su
rm -rf ./Core/Startup/startup_stm32l100c6ux.d ./Core/Startup/startup_stm32l100c6ux.o
rm -rf ./Core/Src/gpio.cyclo ./Core/Src/gpio.d ./Core/Src/gpio.o ./Core/Src/gpio.su ./Core/Src/main.cyclo ./Core/Src/main.d ./Core/Src/main.o ./Core/Src/main.su ./Core/Src/stm32l1xx_hal_msp.cyclo ./Core/Src/stm32l1xx_hal_msp.d ./Core/Src/stm32l1xx_hal_msp.o ./Core/Src/stm32l1xx_hal_msp.su ./Core/Src/stm32l1xx_it.cyclo ./Core/Src/stm32l1xx_it.d ./Core/Src/stm32l1xx_it.o ./Core/Src/stm32l1xx_it.su ./Core/Src/syscalls.cyclo ./Core/Src/syscalls.d ./Core/Src/syscalls.o ./Core/Src/syscalls.su ./Core/Src/sysmem.cyclo ./Core/Src/sysmem.d ./Core/Src/sysmem.o ./Core/Src/sysmem.su ./Core/Src/system_stm32l1xx.cyclo ./Core/Src/system_stm32l1xx.d ./Core/Src/system_stm32l1xx.o ./Core/Src/system_stm32l1xx.su ./Core/Src/usart.cyclo ./Core/Src/usart.d ./Core/Src/usart.o ./Core/Src/usart.su
rm -rf ble_status_test.elf ble_status_test.list ble_status_test.map default.size.stdout
rm: can't remove 'ble_status_test.elf': Permission denied
make: [makefile:80: clean] Error 1 (ignored)
 
14:52:43 **** Clean-only build of configuration Debug for project ble_status_test ****
make -j8 clean 
rm -rf ./Drivers/STM32L1xx_HAL_Driver/Src/stm32l1xx_hal.cyclo ./Drivers/STM32L1xx_HAL_Driver/Src/stm32l1xx_hal.d ./Drivers/STM32L1xx_HAL_Driver/Src/stm32l1xx_hal.o ./Drivers/STM32L1xx_HAL_Driver/Src/stm32l1xx_hal.su ./Drivers/STM32L1xx_HAL_Driver/Src/stm32l1xx_hal_cortex.cyclo ./Drivers/STM32L1xx_HAL_Driver/Src/stm32l1xx_hal_cortex.d ./Drivers/STM32L1xx_HAL_Driver/Src/stm32l1xx_hal_cortex.o ./Drivers/STM32L1xx_HAL_Driver/Src/stm32l1xx_hal_cortex.su ./Drivers/STM32L1xx_HAL_Driver/Src/stm32l1xx_hal_dma.cyclo ./Drivers/STM32L1xx_HAL_Driver/Src/stm32l1xx_hal_dma.d ./Drivers/STM32L1xx_HAL_Driver/Src/stm32l1xx_hal_dma.o ./Drivers/STM32L1xx_HAL_Driver/Src/stm32l1xx_hal_dma.su ./Drivers/STM32L1xx_HAL_Driver/Src/stm32l1xx_hal_exti.cyclo ./Drivers/STM32L1xx_HAL_Driver/Src/stm32l1xx_hal_exti.d ./Drivers/STM32L1xx_HAL_Driver/Src/stm32l1xx_hal_exti.o ./Drivers/STM32L1xx_HAL_Driver/Src/stm32l1xx_hal_exti.su ./Drivers/STM32L1xx_HAL_Driver/Src/stm32l1xx_hal_flash.cyclo ./Drivers/STM32L1xx_HAL_Driver/Src/stm32l1xx_hal_flash.d ./Drivers/STM32L1xx_HAL_Driver/Src/stm32l1xx_hal_flash.o ./Drivers/STM32L1xx_HAL_Driver/Src/stm32l1xx_hal_flash.su ./Drivers/STM32L1xx_HAL_Driver/Src/stm32l1xx_hal_flash_ex.cyclo ./Drivers/STM32L1xx_HAL_Driver/Src/stm32l1xx_hal_flash_ex.d ./Drivers/STM32L1xx_HAL_Driver/Src/stm32l1xx_hal_flash_ex.o ./Drivers/STM32L1xx_HAL_Driver/Src/stm32l1xx_hal_flash_ex.su ./Drivers/STM32L1xx_HAL_Driver/Src/stm32l1xx_hal_flash_ramfunc.cyclo ./Drivers/STM32L1xx_HAL_Driver/Src/stm32l1xx_hal_flash_ramfunc.d ./Drivers/STM32L1xx_HAL_Driver/Src/stm32l1xx_hal_flash_ramfunc.o ./Drivers/STM32L1xx_HAL_Driver/Src/stm32l1xx_hal_flash_ramfunc.su ./Drivers/STM32L1xx_HAL_Driver/Src/stm32l1xx_hal_gpio.cyclo ./Drivers/STM32L1xx_HAL_Driver/Src/stm32l1xx_hal_gpio.d ./Drivers/STM32L1xx_HAL_Driver/Src/stm32l1xx_hal_gpio.o ./Drivers/STM32L1xx_HAL_Driver/Src/stm32l1xx_hal_gpio.su ./Drivers/STM32L1xx_HAL_Driver/Src/stm32l1xx_hal_pwr.cyclo ./Drivers/STM32L1xx_HAL_Driver/Src/stm32l1xx_hal_pwr.d ./Drivers/STM32L1xx_HAL_Driver/Src/stm32l1xx_hal_pwr.o ./Drivers/STM32L1xx_HAL_Driver/Src/stm32l1xx_hal_pwr.su ./Drivers/STM32L1xx_HAL_Driver/Src/stm32l1xx_hal_pwr_ex.cyclo ./Drivers/STM32L1xx_HAL_Driver/Src/stm32l1xx_hal_pwr_ex.d ./Drivers/STM32L1xx_HAL_Driver/Src/stm32l1xx_hal_pwr_ex.o ./Drivers/STM32L1xx_HAL_Driver/Src/stm32l1xx_hal_pwr_ex.su ./Drivers/STM32L1xx_HAL_Driver/Src/stm32l1xx_hal_rcc.cyclo ./Drivers/STM32L1xx_HAL_Driver/Src/stm32l1xx_hal_rcc.d ./Drivers/STM32L1xx_HAL_Driver/Src/stm32l1xx_hal_rcc.o ./Drivers/STM32L1xx_HAL_Driver/Src/stm32l1xx_hal_rcc.su ./Drivers/STM32L1xx_HAL_Driver/Src/stm32l1xx_hal_rcc_ex.cyclo ./Drivers/STM32L1xx_HAL_Driver/Src/stm32l1xx_hal_rcc_ex.d ./Drivers/STM32L1xx_HAL_Driver/Src/stm32l1xx_hal_rcc_ex.o ./Drivers/STM32L1xx_HAL_Driver/Src/stm32l1xx_hal_rcc_ex.su ./Drivers/STM32L1xx_HAL_Driver/Src/stm32l1xx_hal_uart.cyclo ./Drivers/STM32L1xx_HAL_Driver/Src/stm32l1xx_hal_uart.d ./Drivers/STM32L1xx_HAL_Driver/Src/stm32l1xx_hal_uart.o ./Drivers/STM32L1xx_HAL_Driver/Src/stm32l1xx_hal_uart.su
rm -rf ./Core/Startup/startup_stm32l100c6ux.d ./Core/Startup/startup_stm32l100c6ux.o
rm -rf ./Core/Src/gpio.cyclo ./Core/Src/gpio.d ./Core/Src/gpio.o ./Core/Src/gpio.su ./Core/Src/main.cyclo ./Core/Src/main.d ./Core/Src/main.o ./Core/Src/main.su ./Core/Src/stm32l1xx_hal_msp.cyclo ./Core/Src/stm32l1xx_hal_msp.d ./Core/Src/stm32l1xx_hal_msp.o ./Core/Src/stm32l1xx_hal_msp.su ./Core/Src/stm32l1xx_it.cyclo ./Core/Src/stm32l1xx_it.d ./Core/Src/stm32l1xx_it.o ./Core/Src/stm32l1xx_it.su ./Core/Src/syscalls.cyclo ./Core/Src/syscalls.d ./Core/Src/syscalls.o ./Core/Src/syscalls.su ./Core/Src/sysmem.cyclo ./Core/Src/sysmem.d ./Core/Src/sysmem.o ./Core/Src/sysmem.su ./Core/Src/system_stm32l1xx.cyclo ./Core/Src/system_stm32l1xx.d ./Core/Src/system_stm32l1xx.o ./Core/Src/system_stm32l1xx.su ./Core/Src/usart.cyclo ./Core/Src/usart.d ./Core/Src/usart.o ./Core/Src/usart.su
rm -rf ble_status_test.elf ble_status_test.list ble_status_test.map default.size.stdout
rm: can't remove 'ble_status_test.elf': Permission denied
make: [makefile:80: clean] Error 1 (ignored)
 
14:52:43 **** Build of configuration Debug for project ble_status_test ****
make -j8 all 
arm-none-eabi-gcc "../Drivers/STM32L1xx_HAL_Driver/Src/stm32l1xx_hal.c" -mcpu=cortex-m3 -std=gnu11 -g3 -DDEBUG -DUSE_HAL_DRIVER -DSTM32L100xB -c -I../Core/Inc -I../Drivers/STM32L1xx_HAL_Driver/Inc -I../Drivers/STM32L1xx_HAL_Driver/Inc/Legacy -IC:/Users/mds/STM32Cube/Repository/STM32Cube_FW_L1_V1.10.5/Drivers/CMSIS/Device/ST/STM32L1xx/Include -IC:/Users/mds/STM32Cube/Repository/STM32Cube_FW_L1_V1.10.5/Drivers/CMSIS/Include -I../Drivers/CMSIS/Device/ST/STM32L1xx/Include -I../Drivers/CMSIS/Include -O0 -ffunction-sections -fdata-sections -Wall -fstack-usage -fcyclomatic-complexity -MMD -MP -MF"Drivers/STM32L1xx_HAL_Driver/Src/stm32l1xx_hal.d" -MT"Drivers/STM32L1xx_HAL_Driver/Src/stm32l1xx_hal.o" --specs=nano.specs -mfloat-abi=soft -mthumb -o "Drivers/STM32L1xx_HAL_Driver/Src/stm32l1xx_hal.o"
arm-none-eabi-gcc "../Drivers/STM32L1xx_HAL_Driver/Src/stm32l1xx_hal_cortex.c" -mcpu=cortex-m3 -std=gnu11 -g3 -DDEBUG -DUSE_HAL_DRIVER -DSTM32L100xB -c -I../Core/Inc -I../Drivers/STM32L1xx_HAL_Driver/Inc -I../Drivers/STM32L1xx_HAL_Driver/Inc/Legacy -IC:/Users/mds/STM32Cube/Repository/STM32Cube_FW_L1_V1.10.5/Drivers/CMSIS/Device/ST/STM32L1xx/Include -IC:/Users/mds/STM32Cube/Repository/STM32Cube_FW_L1_V1.10.5/Drivers/CMSIS/Include -I../Drivers/CMSIS/Device/ST/STM32L1xx/Include -I../Drivers/CMSIS/Include -O0 -ffunction-sections -fdata-sections -Wall -fstack-usage -fcyclomatic-complexity -MMD -MP -MF"Drivers/STM32L1xx_HAL_Driver/Src/stm32l1xx_hal_cortex.d" -MT"Drivers/STM32L1xx_HAL_Driver/Src/stm32l1xx_hal_cortex.o" --specs=nano.specs -mfloat-abi=soft -mthumb -o "Drivers/STM32L1xx_HAL_Driver/Src/stm32l1xx_hal_cortex.o"
arm-none-eabi-gcc "../Drivers/STM32L1xx_HAL_Driver/Src/stm32l1xx_hal_dma.c" -mcpu=cortex-m3 -std=gnu11 -g3 -DDEBUG -DUSE_HAL_DRIVER -DSTM32L100xB -c -I../Core/Inc -I../Drivers/STM32L1xx_HAL_Driver/Inc -I../Drivers/STM32L1xx_HAL_Driver/Inc/Legacy -IC:/Users/mds/STM32Cube/Repository/STM32Cube_FW_L1_V1.10.5/Drivers/CMSIS/Device/ST/STM32L1xx/Include -IC:/Users/mds/STM32Cube/Repository/STM32Cube_FW_L1_V1.10.5/Drivers/CMSIS/Include -I../Drivers/CMSIS/Device/ST/STM32L1xx/Include -I../Drivers/CMSIS/Include -O0 -ffunction-sections -fdata-sections -Wall -fstack-usage -fcyclomatic-complexity -MMD -MP -MF"Drivers/STM32L1xx_HAL_Driver/Src/stm32l1xx_hal_dma.d" -MT"Drivers/STM32L1xx_HAL_Driver/Src/stm32l1xx_hal_dma.o" --specs=nano.specs -mfloat-abi=soft -mthumb -o "Drivers/STM32L1xx_HAL_Driver/Src/stm32l1xx_hal_dma.o"
arm-none-eabi-gcc "../Drivers/STM32L1xx_HAL_Driver/Src/stm32l1xx_hal_exti.c" -mcpu=cortex-m3 -std=gnu11 -g3 -DDEBUG -DUSE_HAL_DRIVER -DSTM32L100xB -c -I../Core/Inc -I../Drivers/STM32L1xx_HAL_Driver/Inc -I../Drivers/STM32L1xx_HAL_Driver/Inc/Legacy -IC:/Users/mds/STM32Cube/Repository/STM32Cube_FW_L1_V1.10.5/Drivers/CMSIS/Device/ST/STM32L1xx/Include -IC:/Users/mds/STM32Cube/Repository/STM32Cube_FW_L1_V1.10.5/Drivers/CMSIS/Include -I../Drivers/CMSIS/Device/ST/STM32L1xx/Include -I../Drivers/CMSIS/Include -O0 -ffunction-sections -fdata-sections -Wall -fstack-usage -fcyclomatic-complexity -MMD -MP -MF"Drivers/STM32L1xx_HAL_Driver/Src/stm32l1xx_hal_exti.d" -MT"Drivers/STM32L1xx_HAL_Driver/Src/stm32l1xx_hal_exti.o" --specs=nano.specs -mfloat-abi=soft -mthumb -o "Drivers/STM32L1xx_HAL_Driver/Src/stm32l1xx_hal_exti.o"
arm-none-eabi-gcc "../Drivers/STM32L1xx_HAL_Driver/Src/stm32l1xx_hal_flash.c" -mcpu=cortex-m3 -std=gnu11 -g3 -DDEBUG -DUSE_HAL_DRIVER -DSTM32L100xB -c -I../Core/Inc -I../Drivers/STM32L1xx_HAL_Driver/Inc -I../Drivers/STM32L1xx_HAL_Driver/Inc/Legacy -IC:/Users/mds/STM32Cube/Repository/STM32Cube_FW_L1_V1.10.5/Drivers/CMSIS/Device/ST/STM32L1xx/Include -IC:/Users/mds/STM32Cube/Repository/STM32Cube_FW_L1_V1.10.5/Drivers/CMSIS/Include -I../Drivers/CMSIS/Device/ST/STM32L1xx/Include -I../Drivers/CMSIS/Include -O0 -ffunction-sections -fdata-sections -Wall -fstack-usage -fcyclomatic-complexity -MMD -MP -MF"Drivers/STM32L1xx_HAL_Driver/Src/stm32l1xx_hal_flash.d" -MT"Drivers/STM32L1xx_HAL_Driver/Src/stm32l1xx_hal_flash.o" --specs=nano.specs -mfloat-abi=soft -mthumb -o "Drivers/STM32L1xx_HAL_Driver/Src/stm32l1xx_hal_flash.o"
arm-none-eabi-gcc "../Drivers/STM32L1xx_HAL_Driver/Src/stm32l1xx_hal_flash_ex.c" -mcpu=cortex-m3 -std=gnu11 -g3 -DDEBUG -DUSE_HAL_DRIVER -DSTM32L100xB -c -I../Core/Inc -I../Drivers/STM32L1xx_HAL_Driver/Inc -I../Drivers/STM32L1xx_HAL_Driver/Inc/Legacy -IC:/Users/mds/STM32Cube/Repository/STM32Cube_FW_L1_V1.10.5/Drivers/CMSIS/Device/ST/STM32L1xx/Include -IC:/Users/mds/STM32Cube/Repository/STM32Cube_FW_L1_V1.10.5/Drivers/CMSIS/Include -I../Drivers/CMSIS/Device/ST/STM32L1xx/Include -I../Drivers/CMSIS/Include -O0 -ffunction-sections -fdata-sections -Wall -fstack-usage -fcyclomatic-complexity -MMD -MP -MF"Drivers/STM32L1xx_HAL_Driver/Src/stm32l1xx_hal_flash_ex.d" -MT"Drivers/STM32L1xx_HAL_Driver/Src/stm32l1xx_hal_flash_ex.o" --specs=nano.specs -mfloat-abi=soft -mthumb -o "Drivers/STM32L1xx_HAL_Driver/Src/stm32l1xx_hal_flash_ex.o"
arm-none-eabi-gcc "../Drivers/STM32L1xx_HAL_Driver/Src/stm32l1xx_hal_flash_ramfunc.c" -mcpu=cortex-m3 -std=gnu11 -g3 -DDEBUG -DUSE_HAL_DRIVER -DSTM32L100xB -c -I../Core/Inc -I../Drivers/STM32L1xx_HAL_Driver/Inc -I../Drivers/STM32L1xx_HAL_Driver/Inc/Legacy -IC:/Users/mds/STM32Cube/Repository/STM32Cube_FW_L1_V1.10.5/Drivers/CMSIS/Device/ST/STM32L1xx/Include -IC:/Users/mds/STM32Cube/Repository/STM32Cube_FW_L1_V1.10.5/Drivers/CMSIS/Include -I../Drivers/CMSIS/Device/ST/STM32L1xx/Include -I../Drivers/CMSIS/Include -O0 -ffunction-sections -fdata-sections -Wall -fstack-usage -fcyclomatic-complexity -MMD -MP -MF"Drivers/STM32L1xx_HAL_Driver/Src/stm32l1xx_hal_flash_ramfunc.d" -MT"Drivers/STM32L1xx_HAL_Driver/Src/stm32l1xx_hal_flash_ramfunc.o" --specs=nano.specs -mfloat-abi=soft -mthumb -o "Drivers/STM32L1xx_HAL_Driver/Src/stm32l1xx_hal_flash_ramfunc.o"
arm-none-eabi-gcc "../Drivers/STM32L1xx_HAL_Driver/Src/stm32l1xx_hal_gpio.c" -mcpu=cortex-m3 -std=gnu11 -g3 -DDEBUG -DUSE_HAL_DRIVER -DSTM32L100xB -c -I../Core/Inc -I../Drivers/STM32L1xx_HAL_Driver/Inc -I../Drivers/STM32L1xx_HAL_Driver/Inc/Legacy -IC:/Users/mds/STM32Cube/Repository/STM32Cube_FW_L1_V1.10.5/Drivers/CMSIS/Device/ST/STM32L1xx/Include -IC:/Users/mds/STM32Cube/Repository/STM32Cube_FW_L1_V1.10.5/Drivers/CMSIS/Include -I../Drivers/CMSIS/Device/ST/STM32L1xx/Include -I../Drivers/CMSIS/Include -O0 -ffunction-sections -fdata-sections -Wall -fstack-usage -fcyclomatic-complexity -MMD -MP -MF"Drivers/STM32L1xx_HAL_Driver/Src/stm32l1xx_hal_gpio.d" -MT"Drivers/STM32L1xx_HAL_Driver/Src/stm32l1xx_hal_gpio.o" --specs=nano.specs -mfloat-abi=soft -mthumb -o "Drivers/STM32L1xx_HAL_Driver/Src/stm32l1xx_hal_gpio.o"
arm-none-eabi-gcc "../Drivers/STM32L1xx_HAL_Driver/Src/stm32l1xx_hal_pwr.c" -mcpu=cortex-m3 -std=gnu11 -g3 -DDEBUG -DUSE_HAL_DRIVER -DSTM32L100xB -c -I../Core/Inc -I../Drivers/STM32L1xx_HAL_Driver/Inc -I../Drivers/STM32L1xx_HAL_Driver/Inc/Legacy -IC:/Users/mds/STM32Cube/Repository/STM32Cube_FW_L1_V1.10.5/Drivers/CMSIS/Device/ST/STM32L1xx/Include -IC:/Users/mds/STM32Cube/Repository/STM32Cube_FW_L1_V1.10.5/Drivers/CMSIS/Include -I../Drivers/CMSIS/Device/ST/STM32L1xx/Include -I../Drivers/CMSIS/Include -O0 -ffunction-sections -fdata-sections -Wall -fstack-usage -fcyclomatic-complexity -MMD -MP -MF"Drivers/STM32L1xx_HAL_Driver/Src/stm32l1xx_hal_pwr.d" -MT"Drivers/STM32L1xx_HAL_Driver/Src/stm32l1xx_hal_pwr.o" --specs=nano.specs -mfloat-abi=soft -mthumb -o "Drivers/STM32L1xx_HAL_Driver/Src/stm32l1xx_hal_pwr.o"
arm-none-eabi-gcc "../Drivers/STM32L1xx_HAL_Driver/Src/stm32l1xx_hal_pwr_ex.c" -mcpu=cortex-m3 -std=gnu11 -g3 -DDEBUG -DUSE_HAL_DRIVER -DSTM32L100xB -c -I../Core/Inc -I../Drivers/STM32L1xx_HAL_Driver/Inc -I../Drivers/STM32L1xx_HAL_Driver/Inc/Legacy -IC:/Users/mds/STM32Cube/Repository/STM32Cube_FW_L1_V1.10.5/Drivers/CMSIS/Device/ST/STM32L1xx/Include -IC:/Users/mds/STM32Cube/Repository/STM32Cube_FW_L1_V1.10.5/Drivers/CMSIS/Include -I../Drivers/CMSIS/Device/ST/STM32L1xx/Include -I../Drivers/CMSIS/Include -O0 -ffunction-sections -fdata-sections -Wall -fstack-usage -fcyclomatic-complexity -MMD -MP -MF"Drivers/STM32L1xx_HAL_Driver/Src/stm32l1xx_hal_pwr_ex.d" -MT"Drivers/STM32L1xx_HAL_Driver/Src/stm32l1xx_hal_pwr_ex.o" --specs=nano.specs -mfloat-abi=soft -mthumb -o "Drivers/STM32L1xx_HAL_Driver/Src/stm32l1xx_hal_pwr_ex.o"
arm-none-eabi-gcc "../Drivers/STM32L1xx_HAL_Driver/Src/stm32l1xx_hal_rcc.c" -mcpu=cortex-m3 -std=gnu11 -g3 -DDEBUG -DUSE_HAL_DRIVER -DSTM32L100xB -c -I../Core/Inc -I../Drivers/STM32L1xx_HAL_Driver/Inc -I../Drivers/STM32L1xx_HAL_Driver/Inc/Legacy -IC:/Users/mds/STM32Cube/Repository/STM32Cube_FW_L1_V1.10.5/Drivers/CMSIS/Device/ST/STM32L1xx/Include -IC:/Users/mds/STM32Cube/Repository/STM32Cube_FW_L1_V1.10.5/Drivers/CMSIS/Include -I../Drivers/CMSIS/Device/ST/STM32L1xx/Include -I../Drivers/CMSIS/Include -O0 -ffunction-sections -fdata-sections -Wall -fstack-usage -fcyclomatic-complexity -MMD -MP -MF"Drivers/STM32L1xx_HAL_Driver/Src/stm32l1xx_hal_rcc.d" -MT"Drivers/STM32L1xx_HAL_Driver/Src/stm32l1xx_hal_rcc.o" --specs=nano.specs -mfloat-abi=soft -mthumb -o "Drivers/STM32L1xx_HAL_Driver/Src/stm32l1xx_hal_rcc.o"
arm-none-eabi-gcc "../Drivers/STM32L1xx_HAL_Driver/Src/stm32l1xx_hal_rcc_ex.c" -mcpu=cortex-m3 -std=gnu11 -g3 -DDEBUG -DUSE_HAL_DRIVER -DSTM32L100xB -c -I../Core/Inc -I../Drivers/STM32L1xx_HAL_Driver/Inc -I../Drivers/STM32L1xx_HAL_Driver/Inc/Legacy -IC:/Users/mds/STM32Cube/Repository/STM32Cube_FW_L1_V1.10.5/Drivers/CMSIS/Device/ST/STM32L1xx/Include -IC:/Users/mds/STM32Cube/Repository/STM32Cube_FW_L1_V1.10.5/Drivers/CMSIS/Include -I../Drivers/CMSIS/Device/ST/STM32L1xx/Include -I../Drivers/CMSIS/Include -O0 -ffunction-sections -fdata-sections -Wall -fstack-usage -fcyclomatic-complexity -MMD -MP -MF"Drivers/STM32L1xx_HAL_Driver/Src/stm32l1xx_hal_rcc_ex.d" -MT"Drivers/STM32L1xx_HAL_Driver/Src/stm32l1xx_hal_rcc_ex.o" --specs=nano.specs -mfloat-abi=soft -mthumb -o "Drivers/STM32L1xx_HAL_Driver/Src/stm32l1xx_hal_rcc_ex.o"
arm-none-eabi-gcc "../Drivers/STM32L1xx_HAL_Driver/Src/stm32l1xx_hal_uart.c" -mcpu=cortex-m3 -std=gnu11 -g3 -DDEBUG -DUSE_HAL_DRIVER -DSTM32L100xB -c -I../Core/Inc -I../Drivers/STM32L1xx_HAL_Driver/Inc -I../Drivers/STM32L1xx_HAL_Driver/Inc/Legacy -IC:/Users/mds/STM32Cube/Repository/STM32Cube_FW_L1_V1.10.5/Drivers/CMSIS/Device/ST/STM32L1xx/Include -IC:/Users/mds/STM32Cube/Repository/STM32Cube_FW_L1_V1.10.5/Drivers/CMSIS/Include -I../Drivers/CMSIS/Device/ST/STM32L1xx/Include -I../Drivers/CMSIS/Include -O0 -ffunction-sections -fdata-sections -Wall -fstack-usage -fcyclomatic-complexity -MMD -MP -MF"Drivers/STM32L1xx_HAL_Driver/Src/stm32l1xx_hal_uart.d" -MT"Drivers/STM32L1xx_HAL_Driver/Src/stm32l1xx_hal_uart.o" --specs=nano.specs -mfloat-abi=soft -mthumb -o "Drivers/STM32L1xx_HAL_Driver/Src/stm32l1xx_hal_uart.o"
arm-none-eabi-gcc -mcpu=cortex-m3 -g3 -DDEBUG -DSTM32L100xC -c -IC:/Users/mds/STM32Cube/Repository/STM32Cube_FW_L1_V1.10.5/Drivers/CMSIS/Device/ST/STM32L1xx/Include -IC:/Users/mds/STM32Cube/Repository/STM32Cube_FW_L1_V1.10.5/Drivers/CMSIS/Include -x assembler-with-cpp -MMD -MP -MF"Core/Startup/startup_stm32l100c6ux.d" -MT"Core/Startup/startup_stm32l100c6ux.o" --specs=nano.specs -mfloat-abi=soft -mthumb -o "Core/Startup/startup_stm32l100c6ux.o" "../Core/Startup/startup_stm32l100c6ux.s"
arm-none-eabi-gcc "../Core/Src/gpio.c" -mcpu=cortex-m3 -std=gnu11 -g3 -DDEBUG -DUSE_HAL_DRIVER -DSTM32L100xB -c -I../Core/Inc -I../Drivers/STM32L1xx_HAL_Driver/Inc -I../Drivers/STM32L1xx_HAL_Driver/Inc/Legacy -IC:/Users/mds/STM32Cube/Repository/STM32Cube_FW_L1_V1.10.5/Drivers/CMSIS/Device/ST/STM32L1xx/Include -IC:/Users/mds/STM32Cube/Repository/STM32Cube_FW_L1_V1.10.5/Drivers/CMSIS/Include -I../Drivers/CMSIS/Device/ST/STM32L1xx/Include -I../Drivers/CMSIS/Include -O0 -ffunction-sections -fdata-sections -Wall -fstack-usage -fcyclomatic-complexity -MMD -MP -MF"Core/Src/gpio.d" -MT"Core/Src/gpio.o" --specs=nano.specs -mfloat-abi=soft -mthumb -o "Core/Src/gpio.o"
arm-none-eabi-gcc "../Core/Src/main.c" -mcpu=cortex-m3 -std=gnu11 -g3 -DDEBUG -DUSE_HAL_DRIVER -DSTM32L100xB -c -I../Core/Inc -I../Drivers/STM32L1xx_HAL_Driver/Inc -I../Drivers/STM32L1xx_HAL_Driver/Inc/Legacy -IC:/Users/mds/STM32Cube/Repository/STM32Cube_FW_L1_V1.10.5/Drivers/CMSIS/Device/ST/STM32L1xx/Include -IC:/Users/mds/STM32Cube/Repository/STM32Cube_FW_L1_V1.10.5/Drivers/CMSIS/Include -I../Drivers/CMSIS/Device/ST/STM32L1xx/Include -I../Drivers/CMSIS/Include -O0 -ffunction-sections -fdata-sections -Wall -fstack-usage -fcyclomatic-complexity -MMD -MP -MF"Core/Src/main.d" -MT"Core/Src/main.o" --specs=nano.specs -mfloat-abi=soft -mthumb -o "Core/Src/main.o"
arm-none-eabi-gcc "../Core/Src/stm32l1xx_hal_msp.c" -mcpu=cortex-m3 -std=gnu11 -g3 -DDEBUG -DUSE_HAL_DRIVER -DSTM32L100xB -c -I../Core/Inc -I../Drivers/STM32L1xx_HAL_Driver/Inc -I../Drivers/STM32L1xx_HAL_Driver/Inc/Legacy -IC:/Users/mds/STM32Cube/Repository/STM32Cube_FW_L1_V1.10.5/Drivers/CMSIS/Device/ST/STM32L1xx/Include -IC:/Users/mds/STM32Cube/Repository/STM32Cube_FW_L1_V1.10.5/Drivers/CMSIS/Include -I../Drivers/CMSIS/Device/ST/STM32L1xx/Include -I../Drivers/CMSIS/Include -O0 -ffunction-sections -fdata-sections -Wall -fstack-usage -fcyclomatic-complexity -MMD -MP -MF"Core/Src/stm32l1xx_hal_msp.d" -MT"Core/Src/stm32l1xx_hal_msp.o" --specs=nano.specs -mfloat-abi=soft -mthumb -o "Core/Src/stm32l1xx_hal_msp.o"
arm-none-eabi-gcc "../Core/Src/stm32l1xx_it.c" -mcpu=cortex-m3 -std=gnu11 -g3 -DDEBUG -DUSE_HAL_DRIVER -DSTM32L100xB -c -I../Core/Inc -I../Drivers/STM32L1xx_HAL_Driver/Inc -I../Drivers/STM32L1xx_HAL_Driver/Inc/Legacy -IC:/Users/mds/STM32Cube/Repository/STM32Cube_FW_L1_V1.10.5/Drivers/CMSIS/Device/ST/STM32L1xx/Include -IC:/Users/mds/STM32Cube/Repository/STM32Cube_FW_L1_V1.10.5/Drivers/CMSIS/Include -I../Drivers/CMSIS/Device/ST/STM32L1xx/Include -I../Drivers/CMSIS/Include -O0 -ffunction-sections -fdata-sections -Wall -fstack-usage -fcyclomatic-complexity -MMD -MP -MF"Core/Src/stm32l1xx_it.d" -MT"Core/Src/stm32l1xx_it.o" --specs=nano.specs -mfloat-abi=soft -mthumb -o "Core/Src/stm32l1xx_it.o"
arm-none-eabi-gcc "../Core/Src/syscalls.c" -mcpu=cortex-m3 -std=gnu11 -g3 -DDEBUG -DUSE_HAL_DRIVER -DSTM32L100xB -c -I../Core/Inc -I../Drivers/STM32L1xx_HAL_Driver/Inc -I../Drivers/STM32L1xx_HAL_Driver/Inc/Legacy -IC:/Users/mds/STM32Cube/Repository/STM32Cube_FW_L1_V1.10.5/Drivers/CMSIS/Device/ST/STM32L1xx/Include -IC:/Users/mds/STM32Cube/Repository/STM32Cube_FW_L1_V1.10.5/Drivers/CMSIS/Include -I../Drivers/CMSIS/Device/ST/STM32L1xx/Include -I../Drivers/CMSIS/Include -O0 -ffunction-sections -fdata-sections -Wall -fstack-usage -fcyclomatic-complexity -MMD -MP -MF"Core/Src/syscalls.d" -MT"Core/Src/syscalls.o" --specs=nano.specs -mfloat-abi=soft -mthumb -o "Core/Src/syscalls.o"
arm-none-eabi-gcc "../Core/Src/sysmem.c" -mcpu=cortex-m3 -std=gnu11 -g3 -DDEBUG -DUSE_HAL_DRIVER -DSTM32L100xB -c -I../Core/Inc -I../Drivers/STM32L1xx_HAL_Driver/Inc -I../Drivers/STM32L1xx_HAL_Driver/Inc/Legacy -IC:/Users/mds/STM32Cube/Repository/STM32Cube_FW_L1_V1.10.5/Drivers/CMSIS/Device/ST/STM32L1xx/Include -IC:/Users/mds/STM32Cube/Repository/STM32Cube_FW_L1_V1.10.5/Drivers/CMSIS/Include -I../Drivers/CMSIS/Device/ST/STM32L1xx/Include -I../Drivers/CMSIS/Include -O0 -ffunction-sections -fdata-sections -Wall -fstack-usage -fcyclomatic-complexity -MMD -MP -MF"Core/Src/sysmem.d" -MT"Core/Src/sysmem.o" --specs=nano.specs -mfloat-abi=soft -mthumb -o "Core/Src/sysmem.o"
arm-none-eabi-gcc "../Core/Src/system_stm32l1xx.c" -mcpu=cortex-m3 -std=gnu11 -g3 -DDEBUG -DUSE_HAL_DRIVER -DSTM32L100xB -c -I../Core/Inc -I../Drivers/STM32L1xx_HAL_Driver/Inc -I../Drivers/STM32L1xx_HAL_Driver/Inc/Legacy -IC:/Users/mds/STM32Cube/Repository/STM32Cube_FW_L1_V1.10.5/Drivers/CMSIS/Device/ST/STM32L1xx/Include -IC:/Users/mds/STM32Cube/Repository/STM32Cube_FW_L1_V1.10.5/Drivers/CMSIS/Include -I../Drivers/CMSIS/Device/ST/STM32L1xx/Include -I../Drivers/CMSIS/Include -O0 -ffunction-sections -fdata-sections -Wall -fstack-usage -fcyclomatic-complexity -MMD -MP -MF"Core/Src/system_stm32l1xx.d" -MT"Core/Src/system_stm32l1xx.o" --specs=nano.specs -mfloat-abi=soft -mthumb -o "Core/Src/system_stm32l1xx.o"
arm-none-eabi-gcc "../Core/Src/usart.c" -mcpu=cortex-m3 -std=gnu11 -g3 -DDEBUG -DUSE_HAL_DRIVER -DSTM32L100xB -c -I../Core/Inc -I../Drivers/STM32L1xx_HAL_Driver/Inc -I../Drivers/STM32L1xx_HAL_Driver/Inc/Legacy -IC:/Users/mds/STM32Cube/Repository/STM32Cube_FW_L1_V1.10.5/Drivers/CMSIS/Device/ST/STM32L1xx/Include -IC:/Users/mds/STM32Cube/Repository/STM32Cube_FW_L1_V1.10.5/Drivers/CMSIS/Include -I../Drivers/CMSIS/Device/ST/STM32L1xx/Include -I../Drivers/CMSIS/Include -O0 -ffunction-sections -fdata-sections -Wall -fstack-usage -fcyclomatic-complexity -MMD -MP -MF"Core/Src/usart.d" -MT"Core/Src/usart.o" --specs=nano.specs -mfloat-abi=soft -mthumb -o "Core/Src/usart.o"
arm-none-eabi-gcc -o "ble_status_test.elf" @"objects.list"   -mcpu=cortex-m3 -T"C:\Users\mds\STM32CubeIDE\workspace_1.19.0\ble_status_test\STM32L100C6UX_FLASH.ld" --specs=nosys.specs -Wl,-Map="ble_status_test.map" -Wl,--gc-sections -static --specs=nano.specs -mfloat-abi=soft -mthumb -Wl,--start-group -lc -lm -Wl,--end-group
C:/ST/STM32CubeIDE_1.19.0/STM32CubeIDE/plugins/com.st.stm32cube.ide.mcu.externaltools.gnu-tools-for-stm32.13.3.rel1.win32_1.0.0.202411081344/tools/bin/../lib/gcc/arm-none-eabi/13.3.1/../../../../arm-none-eabi/bin/ld.exe: ./Core/Src/main.o: in function `main':
C:/Users/mds/STM32CubeIDE/workspace_1.19.0/ble_status_test/Debug/../Core/Src/main.c:127:(.text.main+0xa): undefined reference to `SystemClock_Config'
C:/ST/STM32CubeIDE_1.19.0/STM32CubeIDE/plugins/com.st.stm32cube.ide.mcu.externaltools.gnu-tools-for-stm32.13.3.rel1.win32_1.0.0.202411081344/tools/bin/../lib/gcc/arm-none-eabi/13.3.1/../../../../arm-none-eabi/bin/ld.exe: ./Core/Src/usart.o: in function `MX_USART2_UART_Init':
C:/Users/mds/STM32CubeIDE/workspace_1.19.0/ble_status_test/Debug/../Core/Src/usart.c:51:(.text.MX_USART2_UART_Init+0x42): undefined reference to `Error_Handler'
collect2.exe: error: ld returned 1 exit status
make: *** [makefile:64: ble_status_test.elf] Error 1
"make -j8 all" terminated with exit code 2. Build might be incomplete.
14:52:57 **** Incremental Build of configuration Debug for project ble_status_test ****
make -j8 all 
arm-none-eabi-size  ble_status_test.elf 
arm-none-eabi-objdump -h -S ble_status_test.elf  > "ble_status_test.list"
arm-none-eabi-size: ble_status_test.elf: file format not recognized
make: *** [makefile:69: default.size.stdout] Error 3
make: *** Waiting for unfinished jobs....
arm-none-eabi-objdump: ble_status_test.elf: file format not recognized
make: *** [makefile:74: ble_status_test.list] Error 1
"make -j8 all" terminated with exit code 2. Build might be incomplete.
14:53:32 **** Clean-only build of configuration Debug for project ble_status_test ****
make -j8 clean 
rm -rf ./Drivers/STM32L1xx_HAL_Driver/Src/stm32l1xx_hal.cyclo ./Drivers/STM32L1xx_HAL_Driver/Src/stm32l1xx_hal.d ./Drivers/STM32L1xx_HAL_Driver/Src/stm32l1xx_hal.o ./Drivers/STM32L1xx_HAL_Driver/Src/stm32l1xx_hal.su ./Drivers/STM32L1xx_HAL_Driver/Src/stm32l1xx_hal_cortex.cyclo ./Drivers/STM32L1xx_HAL_Driver/Src/stm32l1xx_hal_cortex.d ./Drivers/STM32L1xx_HAL_Driver/Src/stm32l1xx_hal_cortex.o ./Drivers/STM32L1xx_HAL_Driver/Src/stm32l1xx_hal_cortex.su ./Drivers/STM32L1xx_HAL_Driver/Src/stm32l1xx_hal_dma.cyclo ./Drivers/STM32L1xx_HAL_Driver/Src/stm32l1xx_hal_dma.d ./Drivers/STM32L1xx_HAL_Driver/Src/stm32l1xx_hal_dma.o ./Drivers/STM32L1xx_HAL_Driver/Src/stm32l1xx_hal_dma.su ./Drivers/STM32L1xx_HAL_Driver/Src/stm32l1xx_hal_exti.cyclo ./Drivers/STM32L1xx_HAL_Driver/Src/stm32l1xx_hal_exti.d ./Drivers/STM32L1xx_HAL_Driver/Src/stm32l1xx_hal_exti.o ./Drivers/STM32L1xx_HAL_Driver/Src/stm32l1xx_hal_exti.su ./Drivers/STM32L1xx_HAL_Driver/Src/stm32l1xx_hal_flash.cyclo ./Drivers/STM32L1xx_HAL_Driver/Src/stm32l1xx_hal_flash.d ./Drivers/STM32L1xx_HAL_Driver/Src/stm32l1xx_hal_flash.o ./Drivers/STM32L1xx_HAL_Driver/Src/stm32l1xx_hal_flash.su ./Drivers/STM32L1xx_HAL_Driver/Src/stm32l1xx_hal_flash_ex.cyclo ./Drivers/STM32L1xx_HAL_Driver/Src/stm32l1xx_hal_flash_ex.d ./Drivers/STM32L1xx_HAL_Driver/Src/stm32l1xx_hal_flash_ex.o ./Drivers/STM32L1xx_HAL_Driver/Src/stm32l1xx_hal_flash_ex.su ./Drivers/STM32L1xx_HAL_Driver/Src/stm32l1xx_hal_flash_ramfunc.cyclo ./Drivers/STM32L1xx_HAL_Driver/Src/stm32l1xx_hal_flash_ramfunc.d ./Drivers/STM32L1xx_HAL_Driver/Src/stm32l1xx_hal_flash_ramfunc.o ./Drivers/STM32L1xx_HAL_Driver/Src/stm32l1xx_hal_flash_ramfunc.su ./Drivers/STM32L1xx_HAL_Driver/Src/stm32l1xx_hal_gpio.cyclo ./Drivers/STM32L1xx_HAL_Driver/Src/stm32l1xx_hal_gpio.d ./Drivers/STM32L1xx_HAL_Driver/Src/stm32l1xx_hal_gpio.o ./Drivers/STM32L1xx_HAL_Driver/Src/stm32l1xx_hal_gpio.su ./Drivers/STM32L1xx_HAL_Driver/Src/stm32l1xx_hal_pwr.cyclo ./Drivers/STM32L1xx_HAL_Driver/Src/stm32l1xx_hal_pwr.d ./Drivers/STM32L1xx_HAL_Driver/Src/stm32l1xx_hal_pwr.o ./Drivers/STM32L1xx_HAL_Driver/Src/stm32l1xx_hal_pwr.su ./Drivers/STM32L1xx_HAL_Driver/Src/stm32l1xx_hal_pwr_ex.cyclo ./Drivers/STM32L1xx_HAL_Driver/Src/stm32l1xx_hal_pwr_ex.d ./Drivers/STM32L1xx_HAL_Driver/Src/stm32l1xx_hal_pwr_ex.o ./Drivers/STM32L1xx_HAL_Driver/Src/stm32l1xx_hal_pwr_ex.su ./Drivers/STM32L1xx_HAL_Driver/Src/stm32l1xx_hal_rcc.cyclo ./Drivers/STM32L1xx_HAL_Driver/Src/stm32l1xx_hal_rcc.d ./Drivers/STM32L1xx_HAL_Driver/Src/stm32l1xx_hal_rcc.o ./Drivers/STM32L1xx_HAL_Driver/Src/stm32l1xx_hal_rcc.su ./Drivers/STM32L1xx_HAL_Driver/Src/stm32l1xx_hal_rcc_ex.cyclo ./Drivers/STM32L1xx_HAL_Driver/Src/stm32l1xx_hal_rcc_ex.d ./Drivers/STM32L1xx_HAL_Driver/Src/stm32l1xx_hal_rcc_ex.o ./Drivers/STM32L1xx_HAL_Driver/Src/stm32l1xx_hal_rcc_ex.su ./Drivers/STM32L1xx_HAL_Driver/Src/stm32l1xx_hal_uart.cyclo ./Drivers/STM32L1xx_HAL_Driver/Src/stm32l1xx_hal_uart.d ./Drivers/STM32L1xx_HAL_Driver/Src/stm32l1xx_hal_uart.o ./Drivers/STM32L1xx_HAL_Driver/Src/stm32l1xx_hal_uart.su
rm -rf ./Core/Startup/startup_stm32l100c6ux.d ./Core/Startup/startup_stm32l100c6ux.o
rm -rf ./Core/Src/gpio.cyclo ./Core/Src/gpio.d ./Core/Src/gpio.o ./Core/Src/gpio.su ./Core/Src/main.cyclo ./Core/Src/main.d ./Core/Src/main.o ./Core/Src/main.su ./Core/Src/stm32l1xx_hal_msp.cyclo ./Core/Src/stm32l1xx_hal_msp.d ./Core/Src/stm32l1xx_hal_msp.o ./Core/Src/stm32l1xx_hal_msp.su ./Core/Src/stm32l1xx_it.cyclo ./Core/Src/stm32l1xx_it.d ./Core/Src/stm32l1xx_it.o ./Core/Src/stm32l1xx_it.su ./Core/Src/syscalls.cyclo ./Core/Src/syscalls.d ./Core/Src/syscalls.o ./Core/Src/syscalls.su ./Core/Src/sysmem.cyclo ./Core/Src/sysmem.d ./Core/Src/sysmem.o ./Core/Src/sysmem.su ./Core/Src/system_stm32l1xx.cyclo ./Core/Src/system_stm32l1xx.d ./Core/Src/system_stm32l1xx.o ./Core/Src/system_stm32l1xx.su ./Core/Src/usart.cyclo ./Core/Src/usart.d ./Core/Src/usart.o ./Core/Src/usart.su
rm -rf ble_status_test.elf ble_status_test.list ble_status_test.map default.size.stdout
rm: can't remove 'ble_status_test.elf': Permission denied
make: [makefile:80: clean] Error 1 (ignored)
 
14:53:32 **** Build of configuration Debug for project ble_status_test ****
make -j8 all 
arm-none-eabi-gcc "../Drivers/STM32L1xx_HAL_Driver/Src/stm32l1xx_hal.c" -mcpu=cortex-m3 -std=gnu11 -g3 -DDEBUG -DUSE_HAL_DRIVER -DSTM32L100xB -c -I../Core/Inc -I../Drivers/STM32L1xx_HAL_Driver/Inc -I../Drivers/STM32L1xx_HAL_Driver/Inc/Legacy -IC:/Users/mds/STM32Cube/Repository/STM32Cube_FW_L1_V1.10.5/Drivers/CMSIS/Device/ST/STM32L1xx/Include -IC:/Users/mds/STM32Cube/Repository/STM32Cube_FW_L1_V1.10.5/Drivers/CMSIS/Include -I../Drivers/CMSIS/Device/ST/STM32L1xx/Include -I../Drivers/CMSIS/Include -O0 -ffunction-sections -fdata-sections -Wall -fstack-usage -fcyclomatic-complexity -MMD -MP -MF"Drivers/STM32L1xx_HAL_Driver/Src/stm32l1xx_hal.d" -MT"Drivers/STM32L1xx_HAL_Driver/Src/stm32l1xx_hal.o" --specs=nano.specs -mfloat-abi=soft -mthumb -o "Drivers/STM32L1xx_HAL_Driver/Src/stm32l1xx_hal.o"
arm-none-eabi-gcc "../Drivers/STM32L1xx_HAL_Driver/Src/stm32l1xx_hal_cortex.c" -mcpu=cortex-m3 -std=gnu11 -g3 -DDEBUG -DUSE_HAL_DRIVER -DSTM32L100xB -c -I../Core/Inc -I../Drivers/STM32L1xx_HAL_Driver/Inc -I../Drivers/STM32L1xx_HAL_Driver/Inc/Legacy -IC:/Users/mds/STM32Cube/Repository/STM32Cube_FW_L1_V1.10.5/Drivers/CMSIS/Device/ST/STM32L1xx/Include -IC:/Users/mds/STM32Cube/Repository/STM32Cube_FW_L1_V1.10.5/Drivers/CMSIS/Include -I../Drivers/CMSIS/Device/ST/STM32L1xx/Include -I../Drivers/CMSIS/Include -O0 -ffunction-sections -fdata-sections -Wall -fstack-usage -fcyclomatic-complexity -MMD -MP -MF"Drivers/STM32L1xx_HAL_Driver/Src/stm32l1xx_hal_cortex.d" -MT"Drivers/STM32L1xx_HAL_Driver/Src/stm32l1xx_hal_cortex.o" --specs=nano.specs -mfloat-abi=soft -mthumb -o "Drivers/STM32L1xx_HAL_Driver/Src/stm32l1xx_hal_cortex.o"
arm-none-eabi-gcc "../Drivers/STM32L1xx_HAL_Driver/Src/stm32l1xx_hal_dma.c" -mcpu=cortex-m3 -std=gnu11 -g3 -DDEBUG -DUSE_HAL_DRIVER -DSTM32L100xB -c -I../Core/Inc -I../Drivers/STM32L1xx_HAL_Driver/Inc -I../Drivers/STM32L1xx_HAL_Driver/Inc/Legacy -IC:/Users/mds/STM32Cube/Repository/STM32Cube_FW_L1_V1.10.5/Drivers/CMSIS/Device/ST/STM32L1xx/Include -IC:/Users/mds/STM32Cube/Repository/STM32Cube_FW_L1_V1.10.5/Drivers/CMSIS/Include -I../Drivers/CMSIS/Device/ST/STM32L1xx/Include -I../Drivers/CMSIS/Include -O0 -ffunction-sections -fdata-sections -Wall -fstack-usage -fcyclomatic-complexity -MMD -MP -MF"Drivers/STM32L1xx_HAL_Driver/Src/stm32l1xx_hal_dma.d" -MT"Drivers/STM32L1xx_HAL_Driver/Src/stm32l1xx_hal_dma.o" --specs=nano.specs -mfloat-abi=soft -mthumb -o "Drivers/STM32L1xx_HAL_Driver/Src/stm32l1xx_hal_dma.o"
arm-none-eabi-gcc "../Drivers/STM32L1xx_HAL_Driver/Src/stm32l1xx_hal_exti.c" -mcpu=cortex-m3 -std=gnu11 -g3 -DDEBUG -DUSE_HAL_DRIVER -DSTM32L100xB -c -I../Core/Inc -I../Drivers/STM32L1xx_HAL_Driver/Inc -I../Drivers/STM32L1xx_HAL_Driver/Inc/Legacy -IC:/Users/mds/STM32Cube/Repository/STM32Cube_FW_L1_V1.10.5/Drivers/CMSIS/Device/ST/STM32L1xx/Include -IC:/Users/mds/STM32Cube/Repository/STM32Cube_FW_L1_V1.10.5/Drivers/CMSIS/Include -I../Drivers/CMSIS/Device/ST/STM32L1xx/Include -I../Drivers/CMSIS/Include -O0 -ffunction-sections -fdata-sections -Wall -fstack-usage -fcyclomatic-complexity -MMD -MP -MF"Drivers/STM32L1xx_HAL_Driver/Src/stm32l1xx_hal_exti.d" -MT"Drivers/STM32L1xx_HAL_Driver/Src/stm32l1xx_hal_exti.o" --specs=nano.specs -mfloat-abi=soft -mthumb -o "Drivers/STM32L1xx_HAL_Driver/Src/stm32l1xx_hal_exti.o"
arm-none-eabi-gcc "../Drivers/STM32L1xx_HAL_Driver/Src/stm32l1xx_hal_flash.c" -mcpu=cortex-m3 -std=gnu11 -g3 -DDEBUG -DUSE_HAL_DRIVER -DSTM32L100xB -c -I../Core/Inc -I../Drivers/STM32L1xx_HAL_Driver/Inc -I../Drivers/STM32L1xx_HAL_Driver/Inc/Legacy -IC:/Users/mds/STM32Cube/Repository/STM32Cube_FW_L1_V1.10.5/Drivers/CMSIS/Device/ST/STM32L1xx/Include -IC:/Users/mds/STM32Cube/Repository/STM32Cube_FW_L1_V1.10.5/Drivers/CMSIS/Include -I../Drivers/CMSIS/Device/ST/STM32L1xx/Include -I../Drivers/CMSIS/Include -O0 -ffunction-sections -fdata-sections -Wall -fstack-usage -fcyclomatic-complexity -MMD -MP -MF"Drivers/STM32L1xx_HAL_Driver/Src/stm32l1xx_hal_flash.d" -MT"Drivers/STM32L1xx_HAL_Driver/Src/stm32l1xx_hal_flash.o" --specs=nano.specs -mfloat-abi=soft -mthumb -o "Drivers/STM32L1xx_HAL_Driver/Src/stm32l1xx_hal_flash.o"
arm-none-eabi-gcc "../Drivers/STM32L1xx_HAL_Driver/Src/stm32l1xx_hal_flash_ex.c" -mcpu=cortex-m3 -std=gnu11 -g3 -DDEBUG -DUSE_HAL_DRIVER -DSTM32L100xB -c -I../Core/Inc -I../Drivers/STM32L1xx_HAL_Driver/Inc -I../Drivers/STM32L1xx_HAL_Driver/Inc/Legacy -IC:/Users/mds/STM32Cube/Repository/STM32Cube_FW_L1_V1.10.5/Drivers/CMSIS/Device/ST/STM32L1xx/Include -IC:/Users/mds/STM32Cube/Repository/STM32Cube_FW_L1_V1.10.5/Drivers/CMSIS/Include -I../Drivers/CMSIS/Device/ST/STM32L1xx/Include -I../Drivers/CMSIS/Include -O0 -ffunction-sections -fdata-sections -Wall -fstack-usage -fcyclomatic-complexity -MMD -MP -MF"Drivers/STM32L1xx_HAL_Driver/Src/stm32l1xx_hal_flash_ex.d" -MT"Drivers/STM32L1xx_HAL_Driver/Src/stm32l1xx_hal_flash_ex.o" --specs=nano.specs -mfloat-abi=soft -mthumb -o "Drivers/STM32L1xx_HAL_Driver/Src/stm32l1xx_hal_flash_ex.o"
arm-none-eabi-gcc "../Drivers/STM32L1xx_HAL_Driver/Src/stm32l1xx_hal_flash_ramfunc.c" -mcpu=cortex-m3 -std=gnu11 -g3 -DDEBUG -DUSE_HAL_DRIVER -DSTM32L100xB -c -I../Core/Inc -I../Drivers/STM32L1xx_HAL_Driver/Inc -I../Drivers/STM32L1xx_HAL_Driver/Inc/Legacy -IC:/Users/mds/STM32Cube/Repository/STM32Cube_FW_L1_V1.10.5/Drivers/CMSIS/Device/ST/STM32L1xx/Include -IC:/Users/mds/STM32Cube/Repository/STM32Cube_FW_L1_V1.10.5/Drivers/CMSIS/Include -I../Drivers/CMSIS/Device/ST/STM32L1xx/Include -I../Drivers/CMSIS/Include -O0 -ffunction-sections -fdata-sections -Wall -fstack-usage -fcyclomatic-complexity -MMD -MP -MF"Drivers/STM32L1xx_HAL_Driver/Src/stm32l1xx_hal_flash_ramfunc.d" -MT"Drivers/STM32L1xx_HAL_Driver/Src/stm32l1xx_hal_flash_ramfunc.o" --specs=nano.specs -mfloat-abi=soft -mthumb -o "Drivers/STM32L1xx_HAL_Driver/Src/stm32l1xx_hal_flash_ramfunc.o"
arm-none-eabi-gcc "../Drivers/STM32L1xx_HAL_Driver/Src/stm32l1xx_hal_gpio.c" -mcpu=cortex-m3 -std=gnu11 -g3 -DDEBUG -DUSE_HAL_DRIVER -DSTM32L100xB -c -I../Core/Inc -I../Drivers/STM32L1xx_HAL_Driver/Inc -I../Drivers/STM32L1xx_HAL_Driver/Inc/Legacy -IC:/Users/mds/STM32Cube/Repository/STM32Cube_FW_L1_V1.10.5/Drivers/CMSIS/Device/ST/STM32L1xx/Include -IC:/Users/mds/STM32Cube/Repository/STM32Cube_FW_L1_V1.10.5/Drivers/CMSIS/Include -I../Drivers/CMSIS/Device/ST/STM32L1xx/Include -I../Drivers/CMSIS/Include -O0 -ffunction-sections -fdata-sections -Wall -fstack-usage -fcyclomatic-complexity -MMD -MP -MF"Drivers/STM32L1xx_HAL_Driver/Src/stm32l1xx_hal_gpio.d" -MT"Drivers/STM32L1xx_HAL_Driver/Src/stm32l1xx_hal_gpio.o" --specs=nano.specs -mfloat-abi=soft -mthumb -o "Drivers/STM32L1xx_HAL_Driver/Src/stm32l1xx_hal_gpio.o"
arm-none-eabi-gcc "../Drivers/STM32L1xx_HAL_Driver/Src/stm32l1xx_hal_pwr.c" -mcpu=cortex-m3 -std=gnu11 -g3 -DDEBUG -DUSE_HAL_DRIVER -DSTM32L100xB -c -I../Core/Inc -I../Drivers/STM32L1xx_HAL_Driver/Inc -I../Drivers/STM32L1xx_HAL_Driver/Inc/Legacy -IC:/Users/mds/STM32Cube/Repository/STM32Cube_FW_L1_V1.10.5/Drivers/CMSIS/Device/ST/STM32L1xx/Include -IC:/Users/mds/STM32Cube/Repository/STM32Cube_FW_L1_V1.10.5/Drivers/CMSIS/Include -I../Drivers/CMSIS/Device/ST/STM32L1xx/Include -I../Drivers/CMSIS/Include -O0 -ffunction-sections -fdata-sections -Wall -fstack-usage -fcyclomatic-complexity -MMD -MP -MF"Drivers/STM32L1xx_HAL_Driver/Src/stm32l1xx_hal_pwr.d" -MT"Drivers/STM32L1xx_HAL_Driver/Src/stm32l1xx_hal_pwr.o" --specs=nano.specs -mfloat-abi=soft -mthumb -o "Drivers/STM32L1xx_HAL_Driver/Src/stm32l1xx_hal_pwr.o"
arm-none-eabi-gcc "../Drivers/STM32L1xx_HAL_Driver/Src/stm32l1xx_hal_pwr_ex.c" -mcpu=cortex-m3 -std=gnu11 -g3 -DDEBUG -DUSE_HAL_DRIVER -DSTM32L100xB -c -I../Core/Inc -I../Drivers/STM32L1xx_HAL_Driver/Inc -I../Drivers/STM32L1xx_HAL_Driver/Inc/Legacy -IC:/Users/mds/STM32Cube/Repository/STM32Cube_FW_L1_V1.10.5/Drivers/CMSIS/Device/ST/STM32L1xx/Include -IC:/Users/mds/STM32Cube/Repository/STM32Cube_FW_L1_V1.10.5/Drivers/CMSIS/Include -I../Drivers/CMSIS/Device/ST/STM32L1xx/Include -I../Drivers/CMSIS/Include -O0 -ffunction-sections -fdata-sections -Wall -fstack-usage -fcyclomatic-complexity -MMD -MP -MF"Drivers/STM32L1xx_HAL_Driver/Src/stm32l1xx_hal_pwr_ex.d" -MT"Drivers/STM32L1xx_HAL_Driver/Src/stm32l1xx_hal_pwr_ex.o" --specs=nano.specs -mfloat-abi=soft -mthumb -o "Drivers/STM32L1xx_HAL_Driver/Src/stm32l1xx_hal_pwr_ex.o"
arm-none-eabi-gcc "../Drivers/STM32L1xx_HAL_Driver/Src/stm32l1xx_hal_rcc.c" -mcpu=cortex-m3 -std=gnu11 -g3 -DDEBUG -DUSE_HAL_DRIVER -DSTM32L100xB -c -I../Core/Inc -I../Drivers/STM32L1xx_HAL_Driver/Inc -I../Drivers/STM32L1xx_HAL_Driver/Inc/Legacy -IC:/Users/mds/STM32Cube/Repository/STM32Cube_FW_L1_V1.10.5/Drivers/CMSIS/Device/ST/STM32L1xx/Include -IC:/Users/mds/STM32Cube/Repository/STM32Cube_FW_L1_V1.10.5/Drivers/CMSIS/Include -I../Drivers/CMSIS/Device/ST/STM32L1xx/Include -I../Drivers/CMSIS/Include -O0 -ffunction-sections -fdata-sections -Wall -fstack-usage -fcyclomatic-complexity -MMD -MP -MF"Drivers/STM32L1xx_HAL_Driver/Src/stm32l1xx_hal_rcc.d" -MT"Drivers/STM32L1xx_HAL_Driver/Src/stm32l1xx_hal_rcc.o" --specs=nano.specs -mfloat-abi=soft -mthumb -o "Drivers/STM32L1xx_HAL_Driver/Src/stm32l1xx_hal_rcc.o"
arm-none-eabi-gcc "../Drivers/STM32L1xx_HAL_Driver/Src/stm32l1xx_hal_rcc_ex.c" -mcpu=cortex-m3 -std=gnu11 -g3 -DDEBUG -DUSE_HAL_DRIVER -DSTM32L100xB -c -I../Core/Inc -I../Drivers/STM32L1xx_HAL_Driver/Inc -I../Drivers/STM32L1xx_HAL_Driver/Inc/Legacy -IC:/Users/mds/STM32Cube/Repository/STM32Cube_FW_L1_V1.10.5/Drivers/CMSIS/Device/ST/STM32L1xx/Include -IC:/Users/mds/STM32Cube/Repository/STM32Cube_FW_L1_V1.10.5/Drivers/CMSIS/Include -I../Drivers/CMSIS/Device/ST/STM32L1xx/Include -I../Drivers/CMSIS/Include -O0 -ffunction-sections -fdata-sections -Wall -fstack-usage -fcyclomatic-complexity -MMD -MP -MF"Drivers/STM32L1xx_HAL_Driver/Src/stm32l1xx_hal_rcc_ex.d" -MT"Drivers/STM32L1xx_HAL_Driver/Src/stm32l1xx_hal_rcc_ex.o" --specs=nano.specs -mfloat-abi=soft -mthumb -o "Drivers/STM32L1xx_HAL_Driver/Src/stm32l1xx_hal_rcc_ex.o"
arm-none-eabi-gcc "../Drivers/STM32L1xx_HAL_Driver/Src/stm32l1xx_hal_uart.c" -mcpu=cortex-m3 -std=gnu11 -g3 -DDEBUG -DUSE_HAL_DRIVER -DSTM32L100xB -c -I../Core/Inc -I../Drivers/STM32L1xx_HAL_Driver/Inc -I../Drivers/STM32L1xx_HAL_Driver/Inc/Legacy -IC:/Users/mds/STM32Cube/Repository/STM32Cube_FW_L1_V1.10.5/Drivers/CMSIS/Device/ST/STM32L1xx/Include -IC:/Users/mds/STM32Cube/Repository/STM32Cube_FW_L1_V1.10.5/Drivers/CMSIS/Include -I../Drivers/CMSIS/Device/ST/STM32L1xx/Include -I../Drivers/CMSIS/Include -O0 -ffunction-sections -fdata-sections -Wall -fstack-usage -fcyclomatic-complexity -MMD -MP -MF"Drivers/STM32L1xx_HAL_Driver/Src/stm32l1xx_hal_uart.d" -MT"Drivers/STM32L1xx_HAL_Driver/Src/stm32l1xx_hal_uart.o" --specs=nano.specs -mfloat-abi=soft -mthumb -o "Drivers/STM32L1xx_HAL_Driver/Src/stm32l1xx_hal_uart.o"
arm-none-eabi-gcc -mcpu=cortex-m3 -g3 -DDEBUG -DSTM32L100xC -c -IC:/Users/mds/STM32Cube/Repository/STM32Cube_FW_L1_V1.10.5/Drivers/CMSIS/Device/ST/STM32L1xx/Include -IC:/Users/mds/STM32Cube/Repository/STM32Cube_FW_L1_V1.10.5/Drivers/CMSIS/Include -x assembler-with-cpp -MMD -MP -MF"Core/Startup/startup_stm32l100c6ux.d" -MT"Core/Startup/startup_stm32l100c6ux.o" --specs=nano.specs -mfloat-abi=soft -mthumb -o "Core/Startup/startup_stm32l100c6ux.o" "../Core/Startup/startup_stm32l100c6ux.s"
arm-none-eabi-gcc "../Core/Src/gpio.c" -mcpu=cortex-m3 -std=gnu11 -g3 -DDEBUG -DUSE_HAL_DRIVER -DSTM32L100xB -c -I../Core/Inc -I../Drivers/STM32L1xx_HAL_Driver/Inc -I../Drivers/STM32L1xx_HAL_Driver/Inc/Legacy -IC:/Users/mds/STM32Cube/Repository/STM32Cube_FW_L1_V1.10.5/Drivers/CMSIS/Device/ST/STM32L1xx/Include -IC:/Users/mds/STM32Cube/Repository/STM32Cube_FW_L1_V1.10.5/Drivers/CMSIS/Include -I../Drivers/CMSIS/Device/ST/STM32L1xx/Include -I../Drivers/CMSIS/Include -O0 -ffunction-sections -fdata-sections -Wall -fstack-usage -fcyclomatic-complexity -MMD -MP -MF"Core/Src/gpio.d" -MT"Core/Src/gpio.o" --specs=nano.specs -mfloat-abi=soft -mthumb -o "Core/Src/gpio.o"
arm-none-eabi-gcc "../Core/Src/main.c" -mcpu=cortex-m3 -std=gnu11 -g3 -DDEBUG -DUSE_HAL_DRIVER -DSTM32L100xB -c -I../Core/Inc -I../Drivers/STM32L1xx_HAL_Driver/Inc -I../Drivers/STM32L1xx_HAL_Driver/Inc/Legacy -IC:/Users/mds/STM32Cube/Repository/STM32Cube_FW_L1_V1.10.5/Drivers/CMSIS/Device/ST/STM32L1xx/Include -IC:/Users/mds/STM32Cube/Repository/STM32Cube_FW_L1_V1.10.5/Drivers/CMSIS/Include -I../Drivers/CMSIS/Device/ST/STM32L1xx/Include -I../Drivers/CMSIS/Include -O0 -ffunction-sections -fdata-sections -Wall -fstack-usage -fcyclomatic-complexity -MMD -MP -MF"Core/Src/main.d" -MT"Core/Src/main.o" --specs=nano.specs -mfloat-abi=soft -mthumb -o "Core/Src/main.o"
arm-none-eabi-gcc "../Core/Src/stm32l1xx_hal_msp.c" -mcpu=cortex-m3 -std=gnu11 -g3 -DDEBUG -DUSE_HAL_DRIVER -DSTM32L100xB -c -I../Core/Inc -I../Drivers/STM32L1xx_HAL_Driver/Inc -I../Drivers/STM32L1xx_HAL_Driver/Inc/Legacy -IC:/Users/mds/STM32Cube/Repository/STM32Cube_FW_L1_V1.10.5/Drivers/CMSIS/Device/ST/STM32L1xx/Include -IC:/Users/mds/STM32Cube/Repository/STM32Cube_FW_L1_V1.10.5/Drivers/CMSIS/Include -I../Drivers/CMSIS/Device/ST/STM32L1xx/Include -I../Drivers/CMSIS/Include -O0 -ffunction-sections -fdata-sections -Wall -fstack-usage -fcyclomatic-complexity -MMD -MP -MF"Core/Src/stm32l1xx_hal_msp.d" -MT"Core/Src/stm32l1xx_hal_msp.o" --specs=nano.specs -mfloat-abi=soft -mthumb -o "Core/Src/stm32l1xx_hal_msp.o"
arm-none-eabi-gcc "../Core/Src/stm32l1xx_it.c" -mcpu=cortex-m3 -std=gnu11 -g3 -DDEBUG -DUSE_HAL_DRIVER -DSTM32L100xB -c -I../Core/Inc -I../Drivers/STM32L1xx_HAL_Driver/Inc -I../Drivers/STM32L1xx_HAL_Driver/Inc/Legacy -IC:/Users/mds/STM32Cube/Repository/STM32Cube_FW_L1_V1.10.5/Drivers/CMSIS/Device/ST/STM32L1xx/Include -IC:/Users/mds/STM32Cube/Repository/STM32Cube_FW_L1_V1.10.5/Drivers/CMSIS/Include -I../Drivers/CMSIS/Device/ST/STM32L1xx/Include -I../Drivers/CMSIS/Include -O0 -ffunction-sections -fdata-sections -Wall -fstack-usage -fcyclomatic-complexity -MMD -MP -MF"Core/Src/stm32l1xx_it.d" -MT"Core/Src/stm32l1xx_it.o" --specs=nano.specs -mfloat-abi=soft -mthumb -o "Core/Src/stm32l1xx_it.o"
arm-none-eabi-gcc "../Core/Src/syscalls.c" -mcpu=cortex-m3 -std=gnu11 -g3 -DDEBUG -DUSE_HAL_DRIVER -DSTM32L100xB -c -I../Core/Inc -I../Drivers/STM32L1xx_HAL_Driver/Inc -I../Drivers/STM32L1xx_HAL_Driver/Inc/Legacy -IC:/Users/mds/STM32Cube/Repository/STM32Cube_FW_L1_V1.10.5/Drivers/CMSIS/Device/ST/STM32L1xx/Include -IC:/Users/mds/STM32Cube/Repository/STM32Cube_FW_L1_V1.10.5/Drivers/CMSIS/Include -I../Drivers/CMSIS/Device/ST/STM32L1xx/Include -I../Drivers/CMSIS/Include -O0 -ffunction-sections -fdata-sections -Wall -fstack-usage -fcyclomatic-complexity -MMD -MP -MF"Core/Src/syscalls.d" -MT"Core/Src/syscalls.o" --specs=nano.specs -mfloat-abi=soft -mthumb -o "Core/Src/syscalls.o"
arm-none-eabi-gcc "../Core/Src/sysmem.c" -mcpu=cortex-m3 -std=gnu11 -g3 -DDEBUG -DUSE_HAL_DRIVER -DSTM32L100xB -c -I../Core/Inc -I../Drivers/STM32L1xx_HAL_Driver/Inc -I../Drivers/STM32L1xx_HAL_Driver/Inc/Legacy -IC:/Users/mds/STM32Cube/Repository/STM32Cube_FW_L1_V1.10.5/Drivers/CMSIS/Device/ST/STM32L1xx/Include -IC:/Users/mds/STM32Cube/Repository/STM32Cube_FW_L1_V1.10.5/Drivers/CMSIS/Include -I../Drivers/CMSIS/Device/ST/STM32L1xx/Include -I../Drivers/CMSIS/Include -O0 -ffunction-sections -fdata-sections -Wall -fstack-usage -fcyclomatic-complexity -MMD -MP -MF"Core/Src/sysmem.d" -MT"Core/Src/sysmem.o" --specs=nano.specs -mfloat-abi=soft -mthumb -o "Core/Src/sysmem.o"
arm-none-eabi-gcc "../Core/Src/system_stm32l1xx.c" -mcpu=cortex-m3 -std=gnu11 -g3 -DDEBUG -DUSE_HAL_DRIVER -DSTM32L100xB -c -I../Core/Inc -I../Drivers/STM32L1xx_HAL_Driver/Inc -I../Drivers/STM32L1xx_HAL_Driver/Inc/Legacy -IC:/Users/mds/STM32Cube/Repository/STM32Cube_FW_L1_V1.10.5/Drivers/CMSIS/Device/ST/STM32L1xx/Include -IC:/Users/mds/STM32Cube/Repository/STM32Cube_FW_L1_V1.10.5/Drivers/CMSIS/Include -I../Drivers/CMSIS/Device/ST/STM32L1xx/Include -I../Drivers/CMSIS/Include -O0 -ffunction-sections -fdata-sections -Wall -fstack-usage -fcyclomatic-complexity -MMD -MP -MF"Core/Src/system_stm32l1xx.d" -MT"Core/Src/system_stm32l1xx.o" --specs=nano.specs -mfloat-abi=soft -mthumb -o "Core/Src/system_stm32l1xx.o"
arm-none-eabi-gcc "../Core/Src/usart.c" -mcpu=cortex-m3 -std=gnu11 -g3 -DDEBUG -DUSE_HAL_DRIVER -DSTM32L100xB -c -I../Core/Inc -I../Drivers/STM32L1xx_HAL_Driver/Inc -I../Drivers/STM32L1xx_HAL_Driver/Inc/Legacy -IC:/Users/mds/STM32Cube/Repository/STM32Cube_FW_L1_V1.10.5/Drivers/CMSIS/Device/ST/STM32L1xx/Include -IC:/Users/mds/STM32Cube/Repository/STM32Cube_FW_L1_V1.10.5/Drivers/CMSIS/Include -I../Drivers/CMSIS/Device/ST/STM32L1xx/Include -I../Drivers/CMSIS/Include -O0 -ffunction-sections -fdata-sections -Wall -fstack-usage -fcyclomatic-complexity -MMD -MP -MF"Core/Src/usart.d" -MT"Core/Src/usart.o" --specs=nano.specs -mfloat-abi=soft -mthumb -o "Core/Src/usart.o"
arm-none-eabi-gcc -o "ble_status_test.elf" @"objects.list"   -mcpu=cortex-m3 -T"C:\Users\mds\STM32CubeIDE\workspace_1.19.0\ble_status_test\STM32L100C6UX_FLASH.ld" --specs=nosys.specs -Wl,-Map="ble_status_test.map" -Wl,--gc-sections -static --specs=nano.specs -mfloat-abi=soft -mthumb -Wl,--start-group -lc -lm -Wl,--end-group
C:/ST/STM32CubeIDE_1.19.0/STM32CubeIDE/plugins/com.st.stm32cube.ide.mcu.externaltools.gnu-tools-for-stm32.13.3.rel1.win32_1.0.0.202411081344/tools/bin/../lib/gcc/arm-none-eabi/13.3.1/../../../../arm-none-eabi/bin/ld.exe: ./Core/Src/main.o: in function `main':
C:/Users/mds/STM32CubeIDE/workspace_1.19.0/ble_status_test/Debug/../Core/Src/main.c:127:(.text.main+0xa): undefined reference to `SystemClock_Config'
C:/ST/STM32CubeIDE_1.19.0/STM32CubeIDE/plugins/com.st.stm32cube.ide.mcu.externaltools.gnu-tools-for-stm32.13.3.rel1.win32_1.0.0.202411081344/tools/bin/../lib/gcc/arm-none-eabi/13.3.1/../../../../arm-none-eabi/bin/ld.exe: ./Core/Src/usart.o: in function `MX_USART2_UART_Init':
C:/Users/mds/STM32CubeIDE/workspace_1.19.0/ble_status_test/Debug/../Core/Src/usart.c:51:(.text.MX_USART2_UART_Init+0x42): undefined reference to `Error_Handler'
collect2.exe: error: ld returned 1 exit status
make: *** [makefile:64: ble_status_test.elf] Error 1
"make -j8 all" terminated with exit code 2. Build might be incomplete.
14:53:55 **** Incremental Build of configuration Debug for project ble_status_test ****
make -j8 all 
arm-none-eabi-gcc "../Core/Src/main.c" -mcpu=cortex-m3 -std=gnu11 -g3 -DDEBUG -DUSE_HAL_DRIVER -DSTM32L100xB -c -I../Core/Inc -I../Drivers/STM32L1xx_HAL_Driver/Inc -I../Drivers/STM32L1xx_HAL_Driver/Inc/Legacy -IC:/Users/mds/STM32Cube/Repository/STM32Cube_FW_L1_V1.10.5/Drivers/CMSIS/Device/ST/STM32L1xx/Include -IC:/Users/mds/STM32Cube/Repository/STM32Cube_FW_L1_V1.10.5/Drivers/CMSIS/Include -I../Drivers/CMSIS/Device/ST/STM32L1xx/Include -I../Drivers/CMSIS/Include -O0 -ffunction-sections -fdata-sections -Wall -fstack-usage -fcyclomatic-complexity -MMD -MP -MF"Core/Src/main.d" -MT"Core/Src/main.o" --specs=nano.specs -mfloat-abi=soft -mthumb -o "Core/Src/main.o"
arm-none-eabi-gcc -o "ble_status_test.elf" @"objects.list"   -mcpu=cortex-m3 -T"C:\Users\mds\STM32CubeIDE\workspace_1.19.0\ble_status_test\STM32L100C6UX_FLASH.ld" --specs=nosys.specs -Wl,-Map="ble_status_test.map" -Wl,--gc-sections -static --specs=nano.specs -mfloat-abi=soft -mthumb -Wl,--start-group -lc -lm -Wl,--end-group
C:/ST/STM32CubeIDE_1.19.0/STM32CubeIDE/plugins/com.st.stm32cube.ide.mcu.externaltools.gnu-tools-for-stm32.13.3.rel1.win32_1.0.0.202411081344/tools/bin/../lib/gcc/arm-none-eabi/13.3.1/../../../../arm-none-eabi/bin/ld.exe: ./Core/Src/main.o: in function `main':
C:/Users/mds/STM32CubeIDE/workspace_1.19.0/ble_status_test/Debug/../Core/Src/main.c:127:(.text.main+0xa): undefined reference to `SystemClock_Config'
C:/ST/STM32CubeIDE_1.19.0/STM32CubeIDE/plugins/com.st.stm32cube.ide.mcu.externaltools.gnu-tools-for-stm32.13.3.rel1.win32_1.0.0.202411081344/tools/bin/../lib/gcc/arm-none-eabi/13.3.1/../../../../arm-none-eabi/bin/ld.exe: ./Core/Src/usart.o: in function `MX_USART2_UART_Init':
C:/Users/mds/STM32CubeIDE/workspace_1.19.0/ble_status_test/Debug/../Core/Src/usart.c:51:(.text.MX_USART2_UART_Init+0x42): undefined reference to `Error_Handler'
collect2.exe: error: ld returned 1 exit status
make: *** [makefile:64: ble_status_test.elf] Error 1
"make -j8 all" terminated with exit code 2. Build might be incomplete.
15:02:28 **** Incremental Build of configuration Debug for project ble_status_test ****
make -j8 all 
arm-none-eabi-size  ble_status_test.elf 
arm-none-eabi-objdump -h -S ble_status_test.elf  > "ble_status_test.list"
arm-none-eabi-size: ble_status_test.elf: file format not recognized
make: *** [makefile:69: default.size.stdout] Error 3
make: *** Waiting for unfinished jobs....
arm-none-eabi-objdump: ble_status_test.elf: file format not recognized
make: *** [makefile:74: ble_status_test.list] Error 1
"make -j8 all" terminated with exit code 2. Build might be incomplete.
15:11:32 **** Clean-only build of configuration Debug for project ble_status_test ****
make -j8 clean 
rm -rf ./Drivers/STM32L1xx_HAL_Driver/Src/stm32l1xx_hal.cyclo ./Drivers/STM32L1xx_HAL_Driver/Src/stm32l1xx_hal.d ./Drivers/STM32L1xx_HAL_Driver/Src/stm32l1xx_hal.o ./Drivers/STM32L1xx_HAL_Driver/Src/stm32l1xx_hal.su ./Drivers/STM32L1xx_HAL_Driver/Src/stm32l1xx_hal_cortex.cyclo ./Drivers/STM32L1xx_HAL_Driver/Src/stm32l1xx_hal_cortex.d ./Drivers/STM32L1xx_HAL_Driver/Src/stm32l1xx_hal_cortex.o ./Drivers/STM32L1xx_HAL_Driver/Src/stm32l1xx_hal_cortex.su ./Drivers/STM32L1xx_HAL_Driver/Src/stm32l1xx_hal_dma.cyclo ./Drivers/STM32L1xx_HAL_Driver/Src/stm32l1xx_hal_dma.d ./Drivers/STM32L1xx_HAL_Driver/Src/stm32l1xx_hal_dma.o ./Drivers/STM32L1xx_HAL_Driver/Src/stm32l1xx_hal_dma.su ./Drivers/STM32L1xx_HAL_Driver/Src/stm32l1xx_hal_exti.cyclo ./Drivers/STM32L1xx_HAL_Driver/Src/stm32l1xx_hal_exti.d ./Drivers/STM32L1xx_HAL_Driver/Src/stm32l1xx_hal_exti.o ./Drivers/STM32L1xx_HAL_Driver/Src/stm32l1xx_hal_exti.su ./Drivers/STM32L1xx_HAL_Driver/Src/stm32l1xx_hal_flash.cyclo ./Drivers/STM32L1xx_HAL_Driver/Src/stm32l1xx_hal_flash.d ./Drivers/STM32L1xx_HAL_Driver/Src/stm32l1xx_hal_flash.o ./Drivers/STM32L1xx_HAL_Driver/Src/stm32l1xx_hal_flash.su ./Drivers/STM32L1xx_HAL_Driver/Src/stm32l1xx_hal_flash_ex.cyclo ./Drivers/STM32L1xx_HAL_Driver/Src/stm32l1xx_hal_flash_ex.d ./Drivers/STM32L1xx_HAL_Driver/Src/stm32l1xx_hal_flash_ex.o ./Drivers/STM32L1xx_HAL_Driver/Src/stm32l1xx_hal_flash_ex.su ./Drivers/STM32L1xx_HAL_Driver/Src/stm32l1xx_hal_flash_ramfunc.cyclo ./Drivers/STM32L1xx_HAL_Driver/Src/stm32l1xx_hal_flash_ramfunc.d ./Drivers/STM32L1xx_HAL_Driver/Src/stm32l1xx_hal_flash_ramfunc.o ./Drivers/STM32L1xx_HAL_Driver/Src/stm32l1xx_hal_flash_ramfunc.su ./Drivers/STM32L1xx_HAL_Driver/Src/stm32l1xx_hal_gpio.cyclo ./Drivers/STM32L1xx_HAL_Driver/Src/stm32l1xx_hal_gpio.d ./Drivers/STM32L1xx_HAL_Driver/Src/stm32l1xx_hal_gpio.o ./Drivers/STM32L1xx_HAL_Driver/Src/stm32l1xx_hal_gpio.su ./Drivers/STM32L1xx_HAL_Driver/Src/stm32l1xx_hal_pwr.cyclo ./Drivers/STM32L1xx_HAL_Driver/Src/stm32l1xx_hal_pwr.d ./Drivers/STM32L1xx_HAL_Driver/Src/stm32l1xx_hal_pwr.o ./Drivers/STM32L1xx_HAL_Driver/Src/stm32l1xx_hal_pwr.su ./Drivers/STM32L1xx_HAL_Driver/Src/stm32l1xx_hal_pwr_ex.cyclo ./Drivers/STM32L1xx_HAL_Driver/Src/stm32l1xx_hal_pwr_ex.d ./Drivers/STM32L1xx_HAL_Driver/Src/stm32l1xx_hal_pwr_ex.o ./Drivers/STM32L1xx_HAL_Driver/Src/stm32l1xx_hal_pwr_ex.su ./Drivers/STM32L1xx_HAL_Driver/Src/stm32l1xx_hal_rcc.cyclo ./Drivers/STM32L1xx_HAL_Driver/Src/stm32l1xx_hal_rcc.d ./Drivers/STM32L1xx_HAL_Driver/Src/stm32l1xx_hal_rcc.o ./Drivers/STM32L1xx_HAL_Driver/Src/stm32l1xx_hal_rcc.su ./Drivers/STM32L1xx_HAL_Driver/Src/stm32l1xx_hal_rcc_ex.cyclo ./Drivers/STM32L1xx_HAL_Driver/Src/stm32l1xx_hal_rcc_ex.d ./Drivers/STM32L1xx_HAL_Driver/Src/stm32l1xx_hal_rcc_ex.o ./Drivers/STM32L1xx_HAL_Driver/Src/stm32l1xx_hal_rcc_ex.su ./Drivers/STM32L1xx_HAL_Driver/Src/stm32l1xx_hal_uart.cyclo ./Drivers/STM32L1xx_HAL_Driver/Src/stm32l1xx_hal_uart.d ./Drivers/STM32L1xx_HAL_Driver/Src/stm32l1xx_hal_uart.o ./Drivers/STM32L1xx_HAL_Driver/Src/stm32l1xx_hal_uart.su
rm -rf ./Core/Startup/startup_stm32l100c6ux.d ./Core/Startup/startup_stm32l100c6ux.o
rm -rf ./Core/Src/gpio.cyclo ./Core/Src/gpio.d ./Core/Src/gpio.o ./Core/Src/gpio.su ./Core/Src/main.cyclo ./Core/Src/main.d ./Core/Src/main.o ./Core/Src/main.su ./Core/Src/stm32l1xx_hal_msp.cyclo ./Core/Src/stm32l1xx_hal_msp.d ./Core/Src/stm32l1xx_hal_msp.o ./Core/Src/stm32l1xx_hal_msp.su ./Core/Src/stm32l1xx_it.cyclo ./Core/Src/stm32l1xx_it.d ./Core/Src/stm32l1xx_it.o ./Core/Src/stm32l1xx_it.su ./Core/Src/syscalls.cyclo ./Core/Src/syscalls.d ./Core/Src/syscalls.o ./Core/Src/syscalls.su ./Core/Src/sysmem.cyclo ./Core/Src/sysmem.d ./Core/Src/sysmem.o ./Core/Src/sysmem.su ./Core/Src/system_stm32l1xx.cyclo ./Core/Src/system_stm32l1xx.d ./Core/Src/system_stm32l1xx.o ./Core/Src/system_stm32l1xx.su ./Core/Src/usart.cyclo ./Core/Src/usart.d ./Core/Src/usart.o ./Core/Src/usart.su
rm -rf ble_status_test.elf ble_status_test.list ble_status_test.map default.size.stdout
rm: can't remove 'ble_status_test.elf': Permission denied
make: [makefile:80: clean] Error 1 (ignored)
 
15:11:32 **** Build of configuration Debug for project ble_status_test ****
make -j8 all 
arm-none-eabi-gcc "../Drivers/STM32L1xx_HAL_Driver/Src/stm32l1xx_hal.c" -mcpu=cortex-m3 -std=gnu11 -g3 -DDEBUG -DUSE_HAL_DRIVER -DSTM32L100xB -c -I../Core/Inc -I../Drivers/STM32L1xx_HAL_Driver/Inc -I../Drivers/STM32L1xx_HAL_Driver/Inc/Legacy -IC:/Users/mds/STM32Cube/Repository/STM32Cube_FW_L1_V1.10.5/Drivers/CMSIS/Device/ST/STM32L1xx/Include -IC:/Users/mds/STM32Cube/Repository/STM32Cube_FW_L1_V1.10.5/Drivers/CMSIS/Include -I../Drivers/CMSIS/Device/ST/STM32L1xx/Include -I../Drivers/CMSIS/Include -O0 -ffunction-sections -fdata-sections -Wall -fstack-usage -fcyclomatic-complexity -MMD -MP -MF"Drivers/STM32L1xx_HAL_Driver/Src/stm32l1xx_hal.d" -MT"Drivers/STM32L1xx_HAL_Driver/Src/stm32l1xx_hal.o" --specs=nano.specs -mfloat-abi=soft -mthumb -o "Drivers/STM32L1xx_HAL_Driver/Src/stm32l1xx_hal.o"
arm-none-eabi-gcc "../Drivers/STM32L1xx_HAL_Driver/Src/stm32l1xx_hal_cortex.c" -mcpu=cortex-m3 -std=gnu11 -g3 -DDEBUG -DUSE_HAL_DRIVER -DSTM32L100xB -c -I../Core/Inc -I../Drivers/STM32L1xx_HAL_Driver/Inc -I../Drivers/STM32L1xx_HAL_Driver/Inc/Legacy -IC:/Users/mds/STM32Cube/Repository/STM32Cube_FW_L1_V1.10.5/Drivers/CMSIS/Device/ST/STM32L1xx/Include -IC:/Users/mds/STM32Cube/Repository/STM32Cube_FW_L1_V1.10.5/Drivers/CMSIS/Include -I../Drivers/CMSIS/Device/ST/STM32L1xx/Include -I../Drivers/CMSIS/Include -O0 -ffunction-sections -fdata-sections -Wall -fstack-usage -fcyclomatic-complexity -MMD -MP -MF"Drivers/STM32L1xx_HAL_Driver/Src/stm32l1xx_hal_cortex.d" -MT"Drivers/STM32L1xx_HAL_Driver/Src/stm32l1xx_hal_cortex.o" --specs=nano.specs -mfloat-abi=soft -mthumb -o "Drivers/STM32L1xx_HAL_Driver/Src/stm32l1xx_hal_cortex.o"
arm-none-eabi-gcc "../Drivers/STM32L1xx_HAL_Driver/Src/stm32l1xx_hal_dma.c" -mcpu=cortex-m3 -std=gnu11 -g3 -DDEBUG -DUSE_HAL_DRIVER -DSTM32L100xB -c -I../Core/Inc -I../Drivers/STM32L1xx_HAL_Driver/Inc -I../Drivers/STM32L1xx_HAL_Driver/Inc/Legacy -IC:/Users/mds/STM32Cube/Repository/STM32Cube_FW_L1_V1.10.5/Drivers/CMSIS/Device/ST/STM32L1xx/Include -IC:/Users/mds/STM32Cube/Repository/STM32Cube_FW_L1_V1.10.5/Drivers/CMSIS/Include -I../Drivers/CMSIS/Device/ST/STM32L1xx/Include -I../Drivers/CMSIS/Include -O0 -ffunction-sections -fdata-sections -Wall -fstack-usage -fcyclomatic-complexity -MMD -MP -MF"Drivers/STM32L1xx_HAL_Driver/Src/stm32l1xx_hal_dma.d" -MT"Drivers/STM32L1xx_HAL_Driver/Src/stm32l1xx_hal_dma.o" --specs=nano.specs -mfloat-abi=soft -mthumb -o "Drivers/STM32L1xx_HAL_Driver/Src/stm32l1xx_hal_dma.o"
arm-none-eabi-gcc "../Drivers/STM32L1xx_HAL_Driver/Src/stm32l1xx_hal_exti.c" -mcpu=cortex-m3 -std=gnu11 -g3 -DDEBUG -DUSE_HAL_DRIVER -DSTM32L100xB -c -I../Core/Inc -I../Drivers/STM32L1xx_HAL_Driver/Inc -I../Drivers/STM32L1xx_HAL_Driver/Inc/Legacy -IC:/Users/mds/STM32Cube/Repository/STM32Cube_FW_L1_V1.10.5/Drivers/CMSIS/Device/ST/STM32L1xx/Include -IC:/Users/mds/STM32Cube/Repository/STM32Cube_FW_L1_V1.10.5/Drivers/CMSIS/Include -I../Drivers/CMSIS/Device/ST/STM32L1xx/Include -I../Drivers/CMSIS/Include -O0 -ffunction-sections -fdata-sections -Wall -fstack-usage -fcyclomatic-complexity -MMD -MP -MF"Drivers/STM32L1xx_HAL_Driver/Src/stm32l1xx_hal_exti.d" -MT"Drivers/STM32L1xx_HAL_Driver/Src/stm32l1xx_hal_exti.o" --specs=nano.specs -mfloat-abi=soft -mthumb -o "Drivers/STM32L1xx_HAL_Driver/Src/stm32l1xx_hal_exti.o"
arm-none-eabi-gcc "../Drivers/STM32L1xx_HAL_Driver/Src/stm32l1xx_hal_flash.c" -mcpu=cortex-m3 -std=gnu11 -g3 -DDEBUG -DUSE_HAL_DRIVER -DSTM32L100xB -c -I../Core/Inc -I../Drivers/STM32L1xx_HAL_Driver/Inc -I../Drivers/STM32L1xx_HAL_Driver/Inc/Legacy -IC:/Users/mds/STM32Cube/Repository/STM32Cube_FW_L1_V1.10.5/Drivers/CMSIS/Device/ST/STM32L1xx/Include -IC:/Users/mds/STM32Cube/Repository/STM32Cube_FW_L1_V1.10.5/Drivers/CMSIS/Include -I../Drivers/CMSIS/Device/ST/STM32L1xx/Include -I../Drivers/CMSIS/Include -O0 -ffunction-sections -fdata-sections -Wall -fstack-usage -fcyclomatic-complexity -MMD -MP -MF"Drivers/STM32L1xx_HAL_Driver/Src/stm32l1xx_hal_flash.d" -MT"Drivers/STM32L1xx_HAL_Driver/Src/stm32l1xx_hal_flash.o" --specs=nano.specs -mfloat-abi=soft -mthumb -o "Drivers/STM32L1xx_HAL_Driver/Src/stm32l1xx_hal_flash.o"
arm-none-eabi-gcc "../Drivers/STM32L1xx_HAL_Driver/Src/stm32l1xx_hal_flash_ex.c" -mcpu=cortex-m3 -std=gnu11 -g3 -DDEBUG -DUSE_HAL_DRIVER -DSTM32L100xB -c -I../Core/Inc -I../Drivers/STM32L1xx_HAL_Driver/Inc -I../Drivers/STM32L1xx_HAL_Driver/Inc/Legacy -IC:/Users/mds/STM32Cube/Repository/STM32Cube_FW_L1_V1.10.5/Drivers/CMSIS/Device/ST/STM32L1xx/Include -IC:/Users/mds/STM32Cube/Repository/STM32Cube_FW_L1_V1.10.5/Drivers/CMSIS/Include -I../Drivers/CMSIS/Device/ST/STM32L1xx/Include -I../Drivers/CMSIS/Include -O0 -ffunction-sections -fdata-sections -Wall -fstack-usage -fcyclomatic-complexity -MMD -MP -MF"Drivers/STM32L1xx_HAL_Driver/Src/stm32l1xx_hal_flash_ex.d" -MT"Drivers/STM32L1xx_HAL_Driver/Src/stm32l1xx_hal_flash_ex.o" --specs=nano.specs -mfloat-abi=soft -mthumb -o "Drivers/STM32L1xx_HAL_Driver/Src/stm32l1xx_hal_flash_ex.o"
arm-none-eabi-gcc "../Drivers/STM32L1xx_HAL_Driver/Src/stm32l1xx_hal_flash_ramfunc.c" -mcpu=cortex-m3 -std=gnu11 -g3 -DDEBUG -DUSE_HAL_DRIVER -DSTM32L100xB -c -I../Core/Inc -I../Drivers/STM32L1xx_HAL_Driver/Inc -I../Drivers/STM32L1xx_HAL_Driver/Inc/Legacy -IC:/Users/mds/STM32Cube/Repository/STM32Cube_FW_L1_V1.10.5/Drivers/CMSIS/Device/ST/STM32L1xx/Include -IC:/Users/mds/STM32Cube/Repository/STM32Cube_FW_L1_V1.10.5/Drivers/CMSIS/Include -I../Drivers/CMSIS/Device/ST/STM32L1xx/Include -I../Drivers/CMSIS/Include -O0 -ffunction-sections -fdata-sections -Wall -fstack-usage -fcyclomatic-complexity -MMD -MP -MF"Drivers/STM32L1xx_HAL_Driver/Src/stm32l1xx_hal_flash_ramfunc.d" -MT"Drivers/STM32L1xx_HAL_Driver/Src/stm32l1xx_hal_flash_ramfunc.o" --specs=nano.specs -mfloat-abi=soft -mthumb -o "Drivers/STM32L1xx_HAL_Driver/Src/stm32l1xx_hal_flash_ramfunc.o"
arm-none-eabi-gcc "../Drivers/STM32L1xx_HAL_Driver/Src/stm32l1xx_hal_gpio.c" -mcpu=cortex-m3 -std=gnu11 -g3 -DDEBUG -DUSE_HAL_DRIVER -DSTM32L100xB -c -I../Core/Inc -I../Drivers/STM32L1xx_HAL_Driver/Inc -I../Drivers/STM32L1xx_HAL_Driver/Inc/Legacy -IC:/Users/mds/STM32Cube/Repository/STM32Cube_FW_L1_V1.10.5/Drivers/CMSIS/Device/ST/STM32L1xx/Include -IC:/Users/mds/STM32Cube/Repository/STM32Cube_FW_L1_V1.10.5/Drivers/CMSIS/Include -I../Drivers/CMSIS/Device/ST/STM32L1xx/Include -I../Drivers/CMSIS/Include -O0 -ffunction-sections -fdata-sections -Wall -fstack-usage -fcyclomatic-complexity -MMD -MP -MF"Drivers/STM32L1xx_HAL_Driver/Src/stm32l1xx_hal_gpio.d" -MT"Drivers/STM32L1xx_HAL_Driver/Src/stm32l1xx_hal_gpio.o" --specs=nano.specs -mfloat-abi=soft -mthumb -o "Drivers/STM32L1xx_HAL_Driver/Src/stm32l1xx_hal_gpio.o"
arm-none-eabi-gcc "../Drivers/STM32L1xx_HAL_Driver/Src/stm32l1xx_hal_pwr.c" -mcpu=cortex-m3 -std=gnu11 -g3 -DDEBUG -DUSE_HAL_DRIVER -DSTM32L100xB -c -I../Core/Inc -I../Drivers/STM32L1xx_HAL_Driver/Inc -I../Drivers/STM32L1xx_HAL_Driver/Inc/Legacy -IC:/Users/mds/STM32Cube/Repository/STM32Cube_FW_L1_V1.10.5/Drivers/CMSIS/Device/ST/STM32L1xx/Include -IC:/Users/mds/STM32Cube/Repository/STM32Cube_FW_L1_V1.10.5/Drivers/CMSIS/Include -I../Drivers/CMSIS/Device/ST/STM32L1xx/Include -I../Drivers/CMSIS/Include -O0 -ffunction-sections -fdata-sections -Wall -fstack-usage -fcyclomatic-complexity -MMD -MP -MF"Drivers/STM32L1xx_HAL_Driver/Src/stm32l1xx_hal_pwr.d" -MT"Drivers/STM32L1xx_HAL_Driver/Src/stm32l1xx_hal_pwr.o" --specs=nano.specs -mfloat-abi=soft -mthumb -o "Drivers/STM32L1xx_HAL_Driver/Src/stm32l1xx_hal_pwr.o"
[...]
arm-none-eabi-gcc "../Drivers/STM32L1xx_HAL_Driver/Src/stm32l1xx_hal_exti.c" -mcpu=cortex-m3 -std=gnu11 -g3 -DDEBUG -DUSE_HAL_DRIVER -DSTM32L100xB -c -I../Core/Inc -I../Drivers/STM32L1xx_HAL_Driver/Inc -I../Drivers/STM32L1xx_HAL_Driver/Inc/Legacy -IC:/Users/mds/STM32Cube/Repository/STM32Cube_FW_L1_V1.10.5/Drivers/CMSIS/Device/ST/STM32L1xx/Include -IC:/Users/mds/STM32Cube/Repository/STM32Cube_FW_L1_V1.10.5/Drivers/CMSIS/Include -I../Drivers/CMSIS/Device/ST/STM32L1xx/Include -I../Drivers/CMSIS/Include -O0 -ffunction-sections -fdata-sections -Wall -fstack-usage -fcyclomatic-complexity -MMD -MP -MF"Drivers/STM32L1xx_HAL_Driver/Src/stm32l1xx_hal_exti.d" -MT"Drivers/STM32L1xx_HAL_Driver/Src/stm32l1xx_hal_exti.o" --specs=nano.specs -mfloat-abi=soft -mthumb -o "Drivers/STM32L1xx_HAL_Driver/Src/stm32l1xx_hal_exti.o"
arm-none-eabi-gcc "../Drivers/STM32L1xx_HAL_Driver/Src/stm32l1xx_hal_flash.c" -mcpu=cortex-m3 -std=gnu11 -g3 -DDEBUG -DUSE_HAL_DRIVER -DSTM32L100xB -c -I../Core/Inc -I../Drivers/STM32L1xx_HAL_Driver/Inc -I../Drivers/STM32L1xx_HAL_Driver/Inc/Legacy -IC:/Users/mds/STM32Cube/Repository/STM32Cube_FW_L1_V1.10.5/Drivers/CMSIS/Device/ST/STM32L1xx/Include -IC:/Users/mds/STM32Cube/Repository/STM32Cube_FW_L1_V1.10.5/Drivers/CMSIS/Include -I../Drivers/CMSIS/Device/ST/STM32L1xx/Include -I../Drivers/CMSIS/Include -O0 -ffunction-sections -fdata-sections -Wall -fstack-usage -fcyclomatic-complexity -MMD -MP -MF"Drivers/STM32L1xx_HAL_Driver/Src/stm32l1xx_hal_flash.d" -MT"Drivers/STM32L1xx_HAL_Driver/Src/stm32l1xx_hal_flash.o" --specs=nano.specs -mfloat-abi=soft -mthumb -o "Drivers/STM32L1xx_HAL_Driver/Src/stm32l1xx_hal_flash.o"
arm-none-eabi-gcc "../Drivers/STM32L1xx_HAL_Driver/Src/stm32l1xx_hal_flash_ex.c" -mcpu=cortex-m3 -std=gnu11 -g3 -DDEBUG -DUSE_HAL_DRIVER -DSTM32L100xB -c -I../Core/Inc -I../Drivers/STM32L1xx_HAL_Driver/Inc -I../Drivers/STM32L1xx_HAL_Driver/Inc/Legacy -IC:/Users/mds/STM32Cube/Repository/STM32Cube_FW_L1_V1.10.5/Drivers/CMSIS/Device/ST/STM32L1xx/Include -IC:/Users/mds/STM32Cube/Repository/STM32Cube_FW_L1_V1.10.5/Drivers/CMSIS/Include -I../Drivers/CMSIS/Device/ST/STM32L1xx/Include -I../Drivers/CMSIS/Include -O0 -ffunction-sections -fdata-sections -Wall -fstack-usage -fcyclomatic-complexity -MMD -MP -MF"Drivers/STM32L1xx_HAL_Driver/Src/stm32l1xx_hal_flash_ex.d" -MT"Drivers/STM32L1xx_HAL_Driver/Src/stm32l1xx_hal_flash_ex.o" --specs=nano.specs -mfloat-abi=soft -mthumb -o "Drivers/STM32L1xx_HAL_Driver/Src/stm32l1xx_hal_flash_ex.o"
arm-none-eabi-gcc "../Drivers/STM32L1xx_HAL_Driver/Src/stm32l1xx_hal_flash_ramfunc.c" -mcpu=cortex-m3 -std=gnu11 -g3 -DDEBUG -DUSE_HAL_DRIVER -DSTM32L100xB -c -I../Core/Inc -I../Drivers/STM32L1xx_HAL_Driver/Inc -I../Drivers/STM32L1xx_HAL_Driver/Inc/Legacy -IC:/Users/mds/STM32Cube/Repository/STM32Cube_FW_L1_V1.10.5/Drivers/CMSIS/Device/ST/STM32L1xx/Include -IC:/Users/mds/STM32Cube/Repository/STM32Cube_FW_L1_V1.10.5/Drivers/CMSIS/Include -I../Drivers/CMSIS/Device/ST/STM32L1xx/Include -I../Drivers/CMSIS/Include -O0 -ffunction-sections -fdata-sections -Wall -fstack-usage -fcyclomatic-complexity -MMD -MP -MF"Drivers/STM32L1xx_HAL_Driver/Src/stm32l1xx_hal_flash_ramfunc.d" -MT"Drivers/STM32L1xx_HAL_Driver/Src/stm32l1xx_hal_flash_ramfunc.o" --specs=nano.specs -mfloat-abi=soft -mthumb -o "Drivers/STM32L1xx_HAL_Driver/Src/stm32l1xx_hal_flash_ramfunc.o"
arm-none-eabi-gcc "../Drivers/STM32L1xx_HAL_Driver/Src/stm32l1xx_hal_gpio.c" -mcpu=cortex-m3 -std=gnu11 -g3 -DDEBUG -DUSE_HAL_DRIVER -DSTM32L100xB -c -I../Core/Inc -I../Drivers/STM32L1xx_HAL_Driver/Inc -I../Drivers/STM32L1xx_HAL_Driver/Inc/Legacy -IC:/Users/mds/STM32Cube/Repository/STM32Cube_FW_L1_V1.10.5/Drivers/CMSIS/Device/ST/STM32L1xx/Include -IC:/Users/mds/STM32Cube/Repository/STM32Cube_FW_L1_V1.10.5/Drivers/CMSIS/Include -I../Drivers/CMSIS/Device/ST/STM32L1xx/Include -I../Drivers/CMSIS/Include -O0 -ffunction-sections -fdata-sections -Wall -fstack-usage -fcyclomatic-complexity -MMD -MP -MF"Drivers/STM32L1xx_HAL_Driver/Src/stm32l1xx_hal_gpio.d" -MT"Drivers/STM32L1xx_HAL_Driver/Src/stm32l1xx_hal_gpio.o" --specs=nano.specs -mfloat-abi=soft -mthumb -o "Drivers/STM32L1xx_HAL_Driver/Src/stm32l1xx_hal_gpio.o"
arm-none-eabi-gcc "../Drivers/STM32L1xx_HAL_Driver/Src/stm32l1xx_hal_i2c.c" -mcpu=cortex-m3 -std=gnu11 -g3 -DDEBUG -DUSE_HAL_DRIVER -DSTM32L100xB -c -I../Core/Inc -I../Drivers/STM32L1xx_HAL_Driver/Inc -I../Drivers/STM32L1xx_HAL_Driver/Inc/Legacy -IC:/Users/mds/STM32Cube/Repository/STM32Cube_FW_L1_V1.10.5/Drivers/CMSIS/Device/ST/STM32L1xx/Include -IC:/Users/mds/STM32Cube/Repository/STM32Cube_FW_L1_V1.10.5/Drivers/CMSIS/Include -I../Drivers/CMSIS/Device/ST/STM32L1xx/Include -I../Drivers/CMSIS/Include -O0 -ffunction-sections -fdata-sections -Wall -fstack-usage -fcyclomatic-complexity -MMD -MP -MF"Drivers/STM32L1xx_HAL_Driver/Src/stm32l1xx_hal_i2c.d" -MT"Drivers/STM32L1xx_HAL_Driver/Src/stm32l1xx_hal_i2c.o" --specs=nano.specs -mfloat-abi=soft -mthumb -o "Drivers/STM32L1xx_HAL_Driver/Src/stm32l1xx_hal_i2c.o"
arm-none-eabi-gcc "../Drivers/STM32L1xx_HAL_Driver/Src/stm32l1xx_hal_pwr.c" -mcpu=cortex-m3 -std=gnu11 -g3 -DDEBUG -DUSE_HAL_DRIVER -DSTM32L100xB -c -I../Core/Inc -I../Drivers/STM32L1xx_HAL_Driver/Inc -I../Drivers/STM32L1xx_HAL_Driver/Inc/Legacy -IC:/Users/mds/STM32Cube/Repository/STM32Cube_FW_L1_V1.10.5/Drivers/CMSIS/Device/ST/STM32L1xx/Include -IC:/Users/mds/STM32Cube/Repository/STM32Cube_FW_L1_V1.10.5/Drivers/CMSIS/Include -I../Drivers/CMSIS/Device/ST/STM32L1xx/Include -I../Drivers/CMSIS/Include -O0 -ffunction-sections -fdata-sections -Wall -fstack-usage -fcyclomatic-complexity -MMD -MP -MF"Drivers/STM32L1xx_HAL_Driver/Src/stm32l1xx_hal_pwr.d" -MT"Drivers/STM32L1xx_HAL_Driver/Src/stm32l1xx_hal_pwr.o" --specs=nano.specs -mfloat-abi=soft -mthumb -o "Drivers/STM32L1xx_HAL_Driver/Src/stm32l1xx_hal_pwr.o"
arm-none-eabi-gcc "../Drivers/STM32L1xx_HAL_Driver/Src/stm32l1xx_hal_pwr_ex.c" -mcpu=cortex-m3 -std=gnu11 -g3 -DDEBUG -DUSE_HAL_DRIVER -DSTM32L100xB -c -I../Core/Inc -I../Drivers/STM32L1xx_HAL_Driver/Inc -I../Drivers/STM32L1xx_HAL_Driver/Inc/Legacy -IC:/Users/mds/STM32Cube/Repository/STM32Cube_FW_L1_V1.10.5/Drivers/CMSIS/Device/ST/STM32L1xx/Include -IC:/Users/mds/STM32Cube/Repository/STM32Cube_FW_L1_V1.10.5/Drivers/CMSIS/Include -I../Drivers/CMSIS/Device/ST/STM32L1xx/Include -I../Drivers/CMSIS/Include -O0 -ffunction-sections -fdata-sections -Wall -fstack-usage -fcyclomatic-complexity -MMD -MP -MF"Drivers/STM32L1xx_HAL_Driver/Src/stm32l1xx_hal_pwr_ex.d" -MT"Drivers/STM32L1xx_HAL_Driver/Src/stm32l1xx_hal_pwr_ex.o" --specs=nano.specs -mfloat-abi=soft -mthumb -o "Drivers/STM32L1xx_HAL_Driver/Src/stm32l1xx_hal_pwr_ex.o"
arm-none-eabi-gcc "../Drivers/STM32L1xx_HAL_Driver/Src/stm32l1xx_hal_rcc.c" -mcpu=cortex-m3 -std=gnu11 -g3 -DDEBUG -DUSE_HAL_DRIVER -DSTM32L100xB -c -I../Core/Inc -I../Drivers/STM32L1xx_HAL_Driver/Inc -I../Drivers/STM32L1xx_HAL_Driver/Inc/Legacy -IC:/Users/mds/STM32Cube/Repository/STM32Cube_FW_L1_V1.10.5/Drivers/CMSIS/Device/ST/STM32L1xx/Include -IC:/Users/mds/STM32Cube/Repository/STM32Cube_FW_L1_V1.10.5/Drivers/CMSIS/Include -I../Drivers/CMSIS/Device/ST/STM32L1xx/Include -I../Drivers/CMSIS/Include -O0 -ffunction-sections -fdata-sections -Wall -fstack-usage -fcyclomatic-complexity -MMD -MP -MF"Drivers/STM32L1xx_HAL_Driver/Src/stm32l1xx_hal_rcc.d" -MT"Drivers/STM32L1xx_HAL_Driver/Src/stm32l1xx_hal_rcc.o" --specs=nano.specs -mfloat-abi=soft -mthumb -o "Drivers/STM32L1xx_HAL_Driver/Src/stm32l1xx_hal_rcc.o"
arm-none-eabi-gcc "../Drivers/STM32L1xx_HAL_Driver/Src/stm32l1xx_hal_rcc_ex.c" -mcpu=cortex-m3 -std=gnu11 -g3 -DDEBUG -DUSE_HAL_DRIVER -DSTM32L100xB -c -I../Core/Inc -I../Drivers/STM32L1xx_HAL_Driver/Inc -I../Drivers/STM32L1xx_HAL_Driver/Inc/Legacy -IC:/Users/mds/STM32Cube/Repository/STM32Cube_FW_L1_V1.10.5/Drivers/CMSIS/Device/ST/STM32L1xx/Include -IC:/Users/mds/STM32Cube/Repository/STM32Cube_FW_L1_V1.10.5/Drivers/CMSIS/Include -I../Drivers/CMSIS/Device/ST/STM32L1xx/Include -I../Drivers/CMSIS/Include -O0 -ffunction-sections -fdata-sections -Wall -fstack-usage -fcyclomatic-complexity -MMD -MP -MF"Drivers/STM32L1xx_HAL_Driver/Src/stm32l1xx_hal_rcc_ex.d" -MT"Drivers/STM32L1xx_HAL_Driver/Src/stm32l1xx_hal_rcc_ex.o" --specs=nano.specs -mfloat-abi=soft -mthumb -o "Drivers/STM32L1xx_HAL_Driver/Src/stm32l1xx_hal_rcc_ex.o"
arm-none-eabi-gcc "../Drivers/STM32L1xx_HAL_Driver/Src/stm32l1xx_hal_spi.c" -mcpu=cortex-m3 -std=gnu11 -g3 -DDEBUG -DUSE_HAL_DRIVER -DSTM32L100xB -c -I../Core/Inc -I../Drivers/STM32L1xx_HAL_Driver/Inc -I../Drivers/STM32L1xx_HAL_Driver/Inc/Legacy -IC:/Users/mds/STM32Cube/Repository/STM32Cube_FW_L1_V1.10.5/Drivers/CMSIS/Device/ST/STM32L1xx/Include -IC:/Users/mds/STM32Cube/Repository/STM32Cube_FW_L1_V1.10.5/Drivers/CMSIS/Include -I../Drivers/CMSIS/Device/ST/STM32L1xx/Include -I../Drivers/CMSIS/Include -O0 -ffunction-sections -fdata-sections -Wall -fstack-usage -fcyclomatic-complexity -MMD -MP -MF"Drivers/STM32L1xx_HAL_Driver/Src/stm32l1xx_hal_spi.d" -MT"Drivers/STM32L1xx_HAL_Driver/Src/stm32l1xx_hal_spi.o" --specs=nano.specs -mfloat-abi=soft -mthumb -o "Drivers/STM32L1xx_HAL_Driver/Src/stm32l1xx_hal_spi.o"
arm-none-eabi-gcc "../Drivers/STM32L1xx_HAL_Driver/Src/stm32l1xx_hal_uart.c" -mcpu=cortex-m3 -std=gnu11 -g3 -DDEBUG -DUSE_HAL_DRIVER -DSTM32L100xB -c -I../Core/Inc -I../Drivers/STM32L1xx_HAL_Driver/Inc -I../Drivers/STM32L1xx_HAL_Driver/Inc/Legacy -IC:/Users/mds/STM32Cube/Repository/STM32Cube_FW_L1_V1.10.5/Drivers/CMSIS/Device/ST/STM32L1xx/Include -IC:/Users/mds/STM32Cube/Repository/STM32Cube_FW_L1_V1.10.5/Drivers/CMSIS/Include -I../Drivers/CMSIS/Device/ST/STM32L1xx/Include -I../Drivers/CMSIS/Include -O0 -ffunction-sections -fdata-sections -Wall -fstack-usage -fcyclomatic-complexity -MMD -MP -MF"Drivers/STM32L1xx_HAL_Driver/Src/stm32l1xx_hal_uart.d" -MT"Drivers/STM32L1xx_HAL_Driver/Src/stm32l1xx_hal_uart.o" --specs=nano.specs -mfloat-abi=soft -mthumb -o "Drivers/STM32L1xx_HAL_Driver/Src/stm32l1xx_hal_uart.o"
arm-none-eabi-gcc -mcpu=cortex-m3 -g3 -DDEBUG -DSTM32L100xC -c -IC:/Users/mds/STM32Cube/Repository/STM32Cube_FW_L1_V1.10.5/Drivers/CMSIS/Device/ST/STM32L1xx/Include -IC:/Users/mds/STM32Cube/Repository/STM32Cube_FW_L1_V1.10.5/Drivers/CMSIS/Include -x assembler-with-cpp -MMD -MP -MF"Core/Startup/startup_stm32l100c6ux.d" -MT"Core/Startup/startup_stm32l100c6ux.o" --specs=nano.specs -mfloat-abi=soft -mthumb -o "Core/Startup/startup_stm32l100c6ux.o" "../Core/Startup/startup_stm32l100c6ux.s"
arm-none-eabi-gcc "../Core/Src/gpio.c" -mcpu=cortex-m3 -std=gnu11 -g3 -DDEBUG -DUSE_HAL_DRIVER -DSTM32L100xB -c -I../Core/Inc -I../Drivers/STM32L1xx_HAL_Driver/Inc -I../Drivers/STM32L1xx_HAL_Driver/Inc/Legacy -IC:/Users/mds/STM32Cube/Repository/STM32Cube_FW_L1_V1.10.5/Drivers/CMSIS/Device/ST/STM32L1xx/Include -IC:/Users/mds/STM32Cube/Repository/STM32Cube_FW_L1_V1.10.5/Drivers/CMSIS/Include -I../Drivers/CMSIS/Device/ST/STM32L1xx/Include -I../Drivers/CMSIS/Include -O0 -ffunction-sections -fdata-sections -Wall -fstack-usage -fcyclomatic-complexity -MMD -MP -MF"Core/Src/gpio.d" -MT"Core/Src/gpio.o" --specs=nano.specs -mfloat-abi=soft -mthumb -o "Core/Src/gpio.o"
arm-none-eabi-gcc "../Core/Src/i2c.c" -mcpu=cortex-m3 -std=gnu11 -g3 -DDEBUG -DUSE_HAL_DRIVER -DSTM32L100xB -c -I../Core/Inc -I../Drivers/STM32L1xx_HAL_Driver/Inc -I../Drivers/STM32L1xx_HAL_Driver/Inc/Legacy -IC:/Users/mds/STM32Cube/Repository/STM32Cube_FW_L1_V1.10.5/Drivers/CMSIS/Device/ST/STM32L1xx/Include -IC:/Users/mds/STM32Cube/Repository/STM32Cube_FW_L1_V1.10.5/Drivers/CMSIS/Include -I../Drivers/CMSIS/Device/ST/STM32L1xx/Include -I../Drivers/CMSIS/Include -O0 -ffunction-sections -fdata-sections -Wall -fstack-usage -fcyclomatic-complexity -MMD -MP -MF"Core/Src/i2c.d" -MT"Core/Src/i2c.o" --specs=nano.specs -mfloat-abi=soft -mthumb -o "Core/Src/i2c.o"
arm-none-eabi-gcc "../Core/Src/main.c" -mcpu=cortex-m3 -std=gnu11 -g3 -DDEBUG -DUSE_HAL_DRIVER -DSTM32L100xB -c -I../Core/Inc -I../Drivers/STM32L1xx_HAL_Driver/Inc -I../Drivers/STM32L1xx_HAL_Driver/Inc/Legacy -IC:/Users/mds/STM32Cube/Repository/STM32Cube_FW_L1_V1.10.5/Drivers/CMSIS/Device/ST/STM32L1xx/Include -IC:/Users/mds/STM32Cube/Repository/STM32Cube_FW_L1_V1.10.5/Drivers/CMSIS/Include -I../Drivers/CMSIS/Device/ST/STM32L1xx/Include -I../Drivers/CMSIS/Include -O0 -ffunction-sections -fdata-sections -Wall -fstack-usage -fcyclomatic-complexity -MMD -MP -MF"Core/Src/main.d" -MT"Core/Src/main.o" --specs=nano.specs -mfloat-abi=soft -mthumb -o "Core/Src/main.o"
arm-none-eabi-gcc "../Core/Src/pn532.c" -mcpu=cortex-m3 -std=gnu11 -g3 -DDEBUG -DUSE_HAL_DRIVER -DSTM32L100xB -c -I../Core/Inc -I../Drivers/STM32L1xx_HAL_Driver/Inc -I../Drivers/STM32L1xx_HAL_Driver/Inc/Legacy -IC:/Users/mds/STM32Cube/Repository/STM32Cube_FW_L1_V1.10.5/Drivers/CMSIS/Device/ST/STM32L1xx/Include -IC:/Users/mds/STM32Cube/Repository/STM32Cube_FW_L1_V1.10.5/Drivers/CMSIS/Include -I../Drivers/CMSIS/Device/ST/STM32L1xx/Include -I../Drivers/CMSIS/Include -O0 -ffunction-sections -fdata-sections -Wall -fstack-usage -fcyclomatic-complexity -MMD -MP -MF"Core/Src/pn532.d" -MT"Core/Src/pn532.o" --specs=nano.specs -mfloat-abi=soft -mthumb -o "Core/Src/pn532.o"
arm-none-eabi-gcc "../Core/Src/spi.c" -mcpu=cortex-m3 -std=gnu11 -g3 -DDEBUG -DUSE_HAL_DRIVER -DSTM32L100xB -c -I../Core/Inc -I../Drivers/STM32L1xx_HAL_Driver/Inc -I../Drivers/STM32L1xx_HAL_Driver/Inc/Legacy -IC:/Users/mds/STM32Cube/Repository/STM32Cube_FW_L1_V1.10.5/Drivers/CMSIS/Device/ST/STM32L1xx/Include -IC:/Users/mds/STM32Cube/Repository/STM32Cube_FW_L1_V1.10.5/Drivers/CMSIS/Include -I../Drivers/CMSIS/Device/ST/STM32L1xx/Include -I../Drivers/CMSIS/Include -O0 -ffunction-sections -fdata-sections -Wall -fstack-usage -fcyclomatic-complexity -MMD -MP -MF"Core/Src/spi.d" -MT"Core/Src/spi.o" --specs=nano.specs -mfloat-abi=soft -mthumb -o "Core/Src/spi.o"
arm-none-eabi-gcc "../Core/Src/stm32l1xx_hal_msp.c" -mcpu=cortex-m3 -std=gnu11 -g3 -DDEBUG -DUSE_HAL_DRIVER -DSTM32L100xB -c -I../Core/Inc -I../Drivers/STM32L1xx_HAL_Driver/Inc -I../Drivers/STM32L1xx_HAL_Driver/Inc/Legacy -IC:/Users/mds/STM32Cube/Repository/STM32Cube_FW_L1_V1.10.5/Drivers/CMSIS/Device/ST/STM32L1xx/Include -IC:/Users/mds/STM32Cube/Repository/STM32Cube_FW_L1_V1.10.5/Drivers/CMSIS/Include -I../Drivers/CMSIS/Device/ST/STM32L1xx/Include -I../Drivers/CMSIS/Include -O0 -ffunction-sections -fdata-sections -Wall -fstack-usage -fcyclomatic-complexity -MMD -MP -MF"Core/Src/stm32l1xx_hal_msp.d" -MT"Core/Src/stm32l1xx_hal_msp.o" --specs=nano.specs -mfloat-abi=soft -mthumb -o "Core/Src/stm32l1xx_hal_msp.o"
../Core/Src/main.c: In function 'main':
../Core/Src/main.c:61:5: warning: implicit declaration of function 'SystemClock_Config'; did you mean 'SysTick_Config'? [-Wimplicit-function-declaration]
   61 |     SystemClock_Config();
      |     ^~~~~~~~~~~~~~~~~~
      |     SysTick_Config
../Core/Src/main.c: At top level:
../Core/Src/main.c:73:6: warning: conflicting types for 'SystemClock_Config'; have 'void(void)'
   73 | void SystemClock_Config(void)
      |      ^~~~~~~~~~~~~~~~~~
../Core/Src/main.c:61:5: note: previous implicit declaration of 'SystemClock_Config' with type 'void(void)'
   61 |     SystemClock_Config();
      |     ^~~~~~~~~~~~~~~~~~
arm-none-eabi-gcc "../Core/Src/stm32l1xx_it.c" -mcpu=cortex-m3 -std=gnu11 -g3 -DDEBUG -DUSE_HAL_DRIVER -DSTM32L100xB -c -I../Core/Inc -I../Drivers/STM32L1xx_HAL_Driver/Inc -I../Drivers/STM32L1xx_HAL_Driver/Inc/Legacy -IC:/Users/mds/STM32Cube/Repository/STM32Cube_FW_L1_V1.10.5/Drivers/CMSIS/Device/ST/STM32L1xx/Include -IC:/Users/mds/STM32Cube/Repository/STM32Cube_FW_L1_V1.10.5/Drivers/CMSIS/Include -I../Drivers/CMSIS/Device/ST/STM32L1xx/Include -I../Drivers/CMSIS/Include -O0 -ffunction-sections -fdata-sections -Wall -fstack-usage -fcyclomatic-complexity -MMD -MP -MF"Core/Src/stm32l1xx_it.d" -MT"Core/Src/stm32l1xx_it.o" --specs=nano.specs -mfloat-abi=soft -mthumb -o "Core/Src/stm32l1xx_it.o"
arm-none-eabi-gcc "../Core/Src/syscalls.c" -mcpu=cortex-m3 -std=gnu11 -g3 -DDEBUG -DUSE_HAL_DRIVER -DSTM32L100xB -c -I../Core/Inc -I../Drivers/STM32L1xx_HAL_Driver/Inc -I../Drivers/STM32L1xx_HAL_Driver/Inc/Legacy -IC:/Users/mds/STM32Cube/Repository/STM32Cube_FW_L1_V1.10.5/Drivers/CMSIS/Device/ST/STM32L1xx/Include -IC:/Users/mds/STM32Cube/Repository/STM32Cube_FW_L1_V1.10.5/Drivers/CMSIS/Include -I../Drivers/CMSIS/Device/ST/STM32L1xx/Include -I../Drivers/CMSIS/Include -O0 -ffunction-sections -fdata-sections -Wall -fstack-usage -fcyclomatic-complexity -MMD -MP -MF"Core/Src/syscalls.d" -MT"Core/Src/syscalls.o" --specs=nano.specs -mfloat-abi=soft -mthumb -o "Core/Src/syscalls.o"
arm-none-eabi-gcc "../Core/Src/sysmem.c" -mcpu=cortex-m3 -std=gnu11 -g3 -DDEBUG -DUSE_HAL_DRIVER -DSTM32L100xB -c -I../Core/Inc -I../Drivers/STM32L1xx_HAL_Driver/Inc -I../Drivers/STM32L1xx_HAL_Driver/Inc/Legacy -IC:/Users/mds/STM32Cube/Repository/STM32Cube_FW_L1_V1.10.5/Drivers/CMSIS/Device/ST/STM32L1xx/Include -IC:/Users/mds/STM32Cube/Repository/STM32Cube_FW_L1_V1.10.5/Drivers/CMSIS/Include -I../Drivers/CMSIS/Device/ST/STM32L1xx/Include -I../Drivers/CMSIS/Include -O0 -ffunction-sections -fdata-sections -Wall -fstack-usage -fcyclomatic-complexity -MMD -MP -MF"Core/Src/sysmem.d" -MT"Core/Src/sysmem.o" --specs=nano.specs -mfloat-abi=soft -mthumb -o "Core/Src/sysmem.o"
arm-none-eabi-gcc "../Core/Src/system_stm32l1xx.c" -mcpu=cortex-m3 -std=gnu11 -g3 -DDEBUG -DUSE_HAL_DRIVER -DSTM32L100xB -c -I../Core/Inc -I../Drivers/STM32L1xx_HAL_Driver/Inc -I../Drivers/STM32L1xx_HAL_Driver/Inc/Legacy -IC:/Users/mds/STM32Cube/Repository/STM32Cube_FW_L1_V1.10.5/Drivers/CMSIS/Device/ST/STM32L1xx/Include -IC:/Users/mds/STM32Cube/Repository/STM32Cube_FW_L1_V1.10.5/Drivers/CMSIS/Include -I../Drivers/CMSIS/Device/ST/STM32L1xx/Include -I../Drivers/CMSIS/Include -O0 -ffunction-sections -fdata-sections -Wall -fstack-usage -fcyclomatic-complexity -MMD -MP -MF"Core/Src/system_stm32l1xx.d" -MT"Core/Src/system_stm32l1xx.o" --specs=nano.specs -mfloat-abi=soft -mthumb -o "Core/Src/system_stm32l1xx.o"
arm-none-eabi-gcc "../Core/Src/usart.c" -mcpu=cortex-m3 -std=gnu11 -g3 -DDEBUG -DUSE_HAL_DRIVER -DSTM32L100xB -c -I../Core/Inc -I../Drivers/STM32L1xx_HAL_Driver/Inc -I../Drivers/STM32L1xx_HAL_Driver/Inc/Legacy -IC:/Users/mds/STM32Cube/Repository/STM32Cube_FW_L1_V1.10.5/Drivers/CMSIS/Device/ST/STM32L1xx/Include -IC:/Users/mds/STM32Cube/Repository/STM32Cube_FW_L1_V1.10.5/Drivers/CMSIS/Include -I../Drivers/CMSIS/Device/ST/STM32L1xx/Include -I../Drivers/CMSIS/Include -O0 -ffunction-sections -fdata-sections -Wall -fstack-usage -fcyclomatic-complexity -MMD -MP -MF"Core/Src/usart.d" -MT"Core/Src/usart.o" --specs=nano.specs -mfloat-abi=soft -mthumb -o "Core/Src/usart.o"
arm-none-eabi-gcc -o "ble_status_test.elf" @"objects.list"   -mcpu=cortex-m3 -T"C:\Users\mds\STM32CubeIDE\workspace_1.19.0\ble_status_test\STM32L100C6UX_FLASH.ld" --specs=nosys.specs -Wl,-Map="ble_status_test.map" -Wl,--gc-sections -static --specs=nano.specs -mfloat-abi=soft -mthumb -Wl,--start-group -lc -lm -Wl,--end-group
Finished building target: ble_status_test.elf
 
arm-none-eabi-size  ble_status_test.elf 
arm-none-eabi-objdump -h -S ble_status_test.elf  > "ble_status_test.list"
   text	   data	    bss	    dec	    hex	filename
  11244	     28	   1668	  12940	   328c	ble_status_test.elf
Finished building: default.size.stdout
 
Finished building: ble_status_test.list
 
16:26:24 **** Incremental Build of configuration Debug for project ble_status_test ****
make -j8 all 
arm-none-eabi-size  ble_status_test.elf 
   text	   data	    bss	    dec	    hex	filename
  11244	     28	   1668	  12940	   328c	ble_status_test.elf
Finished building: default.size.stdout
 
16:26:32 **** Incremental Build of configuration Debug for project ble_status_test ****
make -j8 all 
arm-none-eabi-size  ble_status_test.elf 
   text	   data	    bss	    dec	    hex	filename
  11244	     28	   1668	  12940	   328c	ble_status_test.elf
Finished building: default.size.stdout
 
